Component: ARM Compiler 5.06 update 7 (build 960) Tool: armlink [4d3601]

==============================================================================

Section Cross References

    startup_stm32f407xx.o(RESET) refers to startup_stm32f407xx.o(STACK) for __initial_sp
    startup_stm32f407xx.o(RESET) refers to startup_stm32f407xx.o(.text) for Reset_Handler
    startup_stm32f407xx.o(RESET) refers to stm32f4xx_it.o(i.NMI_Handler) for NMI_Handler
    startup_stm32f407xx.o(RESET) refers to stm32f4xx_it.o(i.HardFault_Handler) for HardFault_Handler
    startup_stm32f407xx.o(RESET) refers to stm32f4xx_it.o(i.MemManage_Handler) for MemManage_Handler
    startup_stm32f407xx.o(RESET) refers to stm32f4xx_it.o(i.BusFault_Handler) for BusFault_Handler
    startup_stm32f407xx.o(RESET) refers to stm32f4xx_it.o(i.UsageFault_Handler) for UsageFault_Handler
    startup_stm32f407xx.o(RESET) refers to stm32f4xx_it.o(i.SVC_Handler) for SVC_Handler
    startup_stm32f407xx.o(RESET) refers to stm32f4xx_it.o(i.DebugMon_Handler) for DebugMon_Handler
    startup_stm32f407xx.o(RESET) refers to stm32f4xx_it.o(i.PendSV_Handler) for PendSV_Handler
    startup_stm32f407xx.o(RESET) refers to stm32f4xx_it.o(i.SysTick_Handler) for SysTick_Handler
    startup_stm32f407xx.o(RESET) refers to stm32f4xx_it.o(i.DMA1_Stream1_IRQHandler) for DMA1_Stream1_IRQHandler
    startup_stm32f407xx.o(RESET) refers to stm32f4xx_it.o(i.DMA1_Stream5_IRQHandler) for DMA1_Stream5_IRQHandler
    startup_stm32f407xx.o(RESET) refers to stm32f4xx_it.o(i.USART2_IRQHandler) for USART2_IRQHandler
    startup_stm32f407xx.o(RESET) refers to stm32f4xx_it.o(i.USART3_IRQHandler) for USART3_IRQHandler
    startup_stm32f407xx.o(RESET) refers to stm32f4xx_it.o(i.DMA2_Stream0_IRQHandler) for DMA2_Stream0_IRQHandler
    startup_stm32f407xx.o(.text) refers to system_stm32f4xx.o(i.SystemInit) for SystemInit
    startup_stm32f407xx.o(.text) refers to entry.o(.ARM.Collect$$$$00000000) for __main
    main.o(i.ADC_Process_Function) refers to usart.o(i.printf1) for printf1
    main.o(i.ADC_Process_Function) refers to main.o(i.check_seepage) for check_seepage
    main.o(i.ADC_Process_Function) refers to f2d.o(.text) for __aeabi_f2d
    main.o(i.ADC_Process_Function) refers to main.o(i.turbidity_check) for turbidity_check
    main.o(i.ADC_Process_Function) refers to dmul.o(.text) for __aeabi_dmul
    main.o(i.ADC_Process_Function) refers to dadd.o(.text) for __aeabi_dadd
    main.o(i.ADC_Process_Function) refers to d2f.o(.text) for __aeabi_d2f
    main.o(i.ADC_Process_Function) refers to main.o(i.PH_check) for PH_check
    main.o(i.ADC_Process_Function) refers to main.o(i.tds_check) for tds_check
    main.o(i.ADC_Process_Function) refers to main.o(.bss) for .bss
    main.o(i.ADC_Process_Function) refers to main.o(.data) for .data
    main.o(i.ADC_Process_Function) refers to ec20.o(.data) for seepage
    main.o(i.HCSR04_Detect) refers to tim.o(i.HCSR04_measure) for HCSR04_measure
    main.o(i.HCSR04_Detect) refers to usart.o(i.printf1) for printf1
    main.o(i.HCSR04_Detect) refers to ec20.o(.data) for distance
    main.o(i.MPU6050_Detect) refers to inv_mpu.o(i.mpu_dmp_get_data) for mpu_dmp_get_data
    main.o(i.MPU6050_Detect) refers to mpu6050.o(i.MPU_Get_Temperature) for MPU_Get_Temperature
    main.o(i.MPU6050_Detect) refers to mpu6050.o(i.MPU_Get_Accelerometer) for MPU_Get_Accelerometer
    main.o(i.MPU6050_Detect) refers to mpu6050.o(i.MPU_Get_Gyroscope) for MPU_Get_Gyroscope
    main.o(i.MPU6050_Detect) refers to usart.o(i.printf1) for printf1
    main.o(i.MPU6050_Detect) refers to ec20.o(.data) for yaw
    main.o(i.MS5837_Detect) refers to ms5837.o(i.MS5837_Getdata) for MS5837_Getdata
    main.o(i.SystemClock_Config) refers to memseta.o(.text) for __aeabi_memclr4
    main.o(i.SystemClock_Config) refers to stm32f4xx_hal_rcc.o(i.HAL_RCC_OscConfig) for HAL_RCC_OscConfig
    main.o(i.SystemClock_Config) refers to stm32f4xx_hal_rcc.o(i.HAL_RCC_ClockConfig) for HAL_RCC_ClockConfig
    main.o(i.Temper_Detect) refers to dht11.o(i.dht11_read_data) for dht11_read_data
    main.o(i.Temper_Detect) refers to usart.o(i.printf1) for printf1
    main.o(i.Temper_Detect) refers to ds18b20.o(i.DS18B20_Get_Temp) for DS18B20_Get_Temp
    main.o(i.Temper_Detect) refers to main.o(.data) for .data
    main.o(i.Temper_Detect) refers to ec20.o(.data) for watertemperature
    main.o(i.main) refers to stm32f4xx_hal.o(i.HAL_Init) for HAL_Init
    main.o(i.main) refers to main.o(i.SystemClock_Config) for SystemClock_Config
    main.o(i.main) refers to gpio.o(i.MX_GPIO_Init) for MX_GPIO_Init
    main.o(i.main) refers to dma.o(i.MX_DMA_Init) for MX_DMA_Init
    main.o(i.main) refers to adc.o(i.MX_ADC1_Init) for MX_ADC1_Init
    main.o(i.main) refers to usart.o(i.MX_USART1_UART_Init) for MX_USART1_UART_Init
    main.o(i.main) refers to usart.o(i.MX_USART2_UART_Init) for MX_USART2_UART_Init
    main.o(i.main) refers to tim.o(i.MX_TIM6_Init) for MX_TIM6_Init
[...]
    FLASH_IRQHandler                         0x080001bb   Thumb Code     0  startup_stm32f407xx.o(.text)
    FMC_IRQHandler                           0x080001bb   Thumb Code     0  startup_stm32f407xx.o(.text)
    FPU_IRQHandler                           0x080001bb   Thumb Code     0  startup_stm32f407xx.o(.text)
    HASH_RNG_IRQHandler                      0x080001bb   Thumb Code     0  startup_stm32f407xx.o(.text)
    I2C1_ER_IRQHandler                       0x080001bb   Thumb Code     0  startup_stm32f407xx.o(.text)
    I2C1_EV_IRQHandler                       0x080001bb   Thumb Code     0  startup_stm32f407xx.o(.text)
    I2C2_ER_IRQHandler                       0x080001bb   Thumb Code     0  startup_stm32f407xx.o(.text)
    I2C2_EV_IRQHandler                       0x080001bb   Thumb Code     0  startup_stm32f407xx.o(.text)
    I2C3_ER_IRQHandler                       0x080001bb   Thumb Code     0  startup_stm32f407xx.o(.text)
    I2C3_EV_IRQHandler                       0x080001bb   Thumb Code     0  startup_stm32f407xx.o(.text)
    OTG_FS_IRQHandler                        0x080001bb   Thumb Code     0  startup_stm32f407xx.o(.text)
    OTG_FS_WKUP_IRQHandler                   0x080001bb   Thumb Code     0  startup_stm32f407xx.o(.text)
    OTG_HS_EP1_IN_IRQHandler                 0x080001bb   Thumb Code     0  startup_stm32f407xx.o(.text)
    OTG_HS_EP1_OUT_IRQHandler                0x080001bb   Thumb Code     0  startup_stm32f407xx.o(.text)
    OTG_HS_IRQHandler                        0x080001bb   Thumb Code     0  startup_stm32f407xx.o(.text)
    OTG_HS_WKUP_IRQHandler                   0x080001bb   Thumb Code     0  startup_stm32f407xx.o(.text)
    PVD_IRQHandler                           0x080001bb   Thumb Code     0  startup_stm32f407xx.o(.text)
    RCC_IRQHandler                           0x080001bb   Thumb Code     0  startup_stm32f407xx.o(.text)
    RTC_Alarm_IRQHandler                     0x080001bb   Thumb Code     0  startup_stm32f407xx.o(.text)
    RTC_WKUP_IRQHandler                      0x080001bb   Thumb Code     0  startup_stm32f407xx.o(.text)
    SDIO_IRQHandler                          0x080001bb   Thumb Code     0  startup_stm32f407xx.o(.text)
    SPI1_IRQHandler                          0x080001bb   Thumb Code     0  startup_stm32f407xx.o(.text)
    SPI2_IRQHandler                          0x080001bb   Thumb Code     0  startup_stm32f407xx.o(.text)
    SPI3_IRQHandler                          0x080001bb   Thumb Code     0  startup_stm32f407xx.o(.text)
    TAMP_STAMP_IRQHandler                    0x080001bb   Thumb Code     0  startup_stm32f407xx.o(.text)
    TIM1_BRK_TIM9_IRQHandler                 0x080001bb   Thumb Code     0  startup_stm32f407xx.o(.text)
    TIM1_CC_IRQHandler                       0x080001bb   Thumb Code     0  startup_stm32f407xx.o(.text)
    TIM1_TRG_COM_TIM11_IRQHandler            0x080001bb   Thumb Code     0  startup_stm32f407xx.o(.text)
    TIM1_UP_TIM10_IRQHandler                 0x080001bb   Thumb Code     0  startup_stm32f407xx.o(.text)
    TIM2_IRQHandler                          0x080001bb   Thumb Code     0  startup_stm32f407xx.o(.text)
    TIM3_IRQHandler                          0x080001bb   Thumb Code     0  startup_stm32f407xx.o(.text)
    TIM4_IRQHandler                          0x080001bb   Thumb Code     0  startup_stm32f407xx.o(.text)
    TIM5_IRQHandler                          0x080001bb   Thumb Code     0  startup_stm32f407xx.o(.text)
    TIM6_DAC_IRQHandler                      0x080001bb   Thumb Code     0  startup_stm32f407xx.o(.text)
    TIM7_IRQHandler                          0x080001bb   Thumb Code     0  startup_stm32f407xx.o(.text)
    TIM8_BRK_TIM12_IRQHandler                0x080001bb   Thumb Code     0  startup_stm32f407xx.o(.text)
    TIM8_CC_IRQHandler                       0x080001bb   Thumb Code     0  startup_stm32f407xx.o(.text)
    TIM8_TRG_COM_TIM14_IRQHandler            0x080001bb   Thumb Code     0  startup_stm32f407xx.o(.text)
    TIM8_UP_TIM13_IRQHandler                 0x080001bb   Thumb Code     0  startup_stm32f407xx.o(.text)
    UART4_IRQHandler                         0x080001bb   Thumb Code     0  startup_stm32f407xx.o(.text)
    UART5_IRQHandler                         0x080001bb   Thumb Code     0  startup_stm32f407xx.o(.text)
    USART1_IRQHandler                        0x080001bb   Thumb Code     0  startup_stm32f407xx.o(.text)
    USART6_IRQHandler                        0x080001bb   Thumb Code     0  startup_stm32f407xx.o(.text)
    WWDG_IRQHandler                          0x080001bb   Thumb Code     0  startup_stm32f407xx.o(.text)
    __aeabi_uldivmod                         0x080001c5   Thumb Code    98  uldiv.o(.text)
    __aeabi_ldivmod                          0x08000227   Thumb Code    98  ldiv.o(.text)
    tolower                                  0x08000289   Thumb Code    12  tolower.o(.text)
    __aeabi_memcpy                           0x08000295   Thumb Code    36  memcpya.o(.text)
    __aeabi_memcpy4                          0x08000295   Thumb Code     0  memcpya.o(.text)
    __aeabi_memcpy8                          0x08000295   Thumb Code     0  memcpya.o(.text)
    __aeabi_memset                           0x080002b9   Thumb Code    14  memseta.o(.text)
    __aeabi_memset4                          0x080002b9   Thumb Code     0  memseta.o(.text)
    __aeabi_memset8                          0x080002b9   Thumb Code     0  memseta.o(.text)
    __aeabi_memclr                           0x080002c7   Thumb Code     4  memseta.o(.text)
    __aeabi_memclr4                          0x080002c7   Thumb Code     0  memseta.o(.text)
    __aeabi_memclr8                          0x080002c7   Thumb Code     0  memseta.o(.text)
    _memset$wrapper                          0x080002cb   Thumb Code    18  memseta.o(.text)
    strstr                                   0x080002dd   Thumb Code    36  strstr.o(.text)
    strchr                                   0x08000301   Thumb Code    20  strchr.o(.text)
    strlen                                   0x08000315   Thumb Code    14  strlen.o(.text)
    strcmp                                   0x08000323   Thumb Code    28  strcmp.o(.text)
    memcmp                                   0x0800033f   Thumb Code    26  memcmp.o(.text)
    strcpy                                   0x08000359   Thumb Code    18  strcpy.o(.text)
    __0sscanf                                0x0800036d   Thumb Code    48  __0sscanf.o(.text)
    _scanf_int                               0x080003a5   Thumb Code   332  _scanf_int.o(.text)
    _scanf_real                              0x08000619   Thumb Code     0  scanf_fp.o(.text)
    _scanf_really_real                       0x08000619   Thumb Code   556  scanf_fp.o(.text)
    __aeabi_dadd                             0x08000851   Thumb Code   322  dadd.o(.text)
    __aeabi_dsub                             0x08000993   Thumb Code     6  dadd.o(.text)
    __aeabi_drsub                            0x08000999   Thumb Code     6  dadd.o(.text)
    __aeabi_dmul                             0x0800099f   Thumb Code   228  dmul.o(.text)
    __aeabi_ddiv                             0x08000a83   Thumb Code   222  ddiv.o(.text)
    __aeabi_ul2f                             0x08000b61   Thumb Code    28  ffltul.o(.text)
    __aeabi_i2d                              0x08000b7d   Thumb Code    34  dflti.o(.text)
    __aeabi_ui2d                             0x08000b9f   Thumb Code    26  dfltui.o(.text)
    __aeabi_ul2d                             0x08000bb9   Thumb Code    24  dfltul.o(.text)
    __aeabi_d2iz                             0x08000bd1   Thumb Code    62  dfixi.o(.text)
    __aeabi_d2uiz                            0x08000c0f   Thumb Code    50  dfixui.o(.text)
    __aeabi_f2d                              0x08000c41   Thumb Code    38  f2d.o(.text)
    __aeabi_cdcmpeq                          0x08000c69   Thumb Code     0  cdcmple.o(.text)
    __aeabi_cdcmple                          0x08000c69   Thumb Code    48  cdcmple.o(.text)
    __aeabi_cdrcmple                         0x08000c99   Thumb Code    48  cdrcmple.o(.text)
    __aeabi_d2f                              0x08000cc9   Thumb Code    56  d2f.o(.text)
    __aeabi_uidiv                            0x08000d01   Thumb Code     0  uidiv.o(.text)
    __aeabi_uidivmod                         0x08000d01   Thumb Code    44  uidiv.o(.text)
    __aeabi_llsl                             0x08000d2d   Thumb Code    30  llshl.o(.text)
    _ll_shift_l                              0x08000d2d   Thumb Code     0  llshl.o(.text)
    __aeabi_llsr                             0x08000d4b   Thumb Code    32  llushr.o(.text)
    _ll_ushift_r                             0x08000d4b   Thumb Code     0  llushr.o(.text)
    __aeabi_lasr                             0x08000d6b   Thumb Code    36  llsshr.o(.text)
    _ll_sshift_r                             0x08000d6b   Thumb Code     0  llsshr.o(.text)
    _chval                                   0x08000d8f   Thumb Code    28  _chval.o(.text)
    __vfscanf_char                           0x08000db9   Thumb Code    20  scanf_char.o(.text)
    _sgetc                                   0x08000dd5   Thumb Code    30  _sgetc.o(.text)
    _sbackspace                              0x08000df3   Thumb Code    34  _sgetc.o(.text)
    __I$use$fp                               0x08000e15   Thumb Code     0  iusefp.o(.text)
    _float_round                             0x08000e15   Thumb Code    18  fepilogue.o(.text)
    _float_epilogue                          0x08000e27   Thumb Code    92  fepilogue.o(.text)
    _double_round                            0x08000e83   Thumb Code    30  depilogue.o(.text)
    _double_epilogue                         0x08000ea1   Thumb Code   156  depilogue.o(.text)
    __aeabi_d2ulz                            0x08000f3d   Thumb Code    48  dfixul.o(.text)
    __scatterload                            0x08000f6d   Thumb Code    28  init.o(.text)
    __scatterload_rt2                        0x08000f6d   Thumb Code     0  init.o(.text)
    isspace                                  0x08000f91   Thumb Code    10  isspace_c.o(.text)
    __vfscanf                                0x08000f9d   Thumb Code   810  _scanf.o(.text)
    _dsqrt                                   0x080012cd   Thumb Code   162  dsqrt.o(.text)
    __ctype_lookup                           0x08001371   Thumb Code    34  ctype_c.o(.text)
    ADC_Process_Function                     0x08001551   Thumb Code   408  main.o(i.ADC_Process_Function)
    BusFault_Handler                         0x080017f9   Thumb Code     2  stm32f4xx_it.o(i.BusFault_Handler)
    DMA1_Stream1_IRQHandler                  0x080017fd   Thumb Code     6  stm32f4xx_it.o(i.DMA1_Stream1_IRQHandler)
    DMA1_Stream5_IRQHandler                  0x08001809   Thumb Code     6  stm32f4xx_it.o(i.DMA1_Stream5_IRQHandler)
    DMA2_Stream0_IRQHandler                  0x08001815   Thumb Code     6  stm32f4xx_it.o(i.DMA2_Stream0_IRQHandler)
    DS18B20_Check                            0x080018c5   Thumb Code    86  ds18b20.o(i.DS18B20_Check)
    DS18B20_Get_Temp                         0x08001925   Thumb Code    92  ds18b20.o(i.DS18B20_Get_Temp)
    DS18B20_Init                             0x08001989   Thumb Code    56  ds18b20.o(i.DS18B20_Init)
    DS18B20_Read_Bit                         0x080019c9   Thumb Code    82  ds18b20.o(i.DS18B20_Read_Bit)
    DS18B20_Read_Byte                        0x08001a25   Thumb Code    32  ds18b20.o(i.DS18B20_Read_Byte)
    DS18B20_Rst                              0x08001a45   Thumb Code    54  ds18b20.o(i.DS18B20_Rst)
    DS18B20_Start                            0x08001a85   Thumb Code    26  ds18b20.o(i.DS18B20_Start)
    DS18B20_Write_Byte                       0x08001aa1   Thumb Code    88  ds18b20.o(i.DS18B20_Write_Byte)
    DebugMon_Handler                         0x08001b01   Thumb Code     2  stm32f4xx_it.o(i.DebugMon_Handler)
    EC20_4G_Reset                            0x08001b05   Thumb Code     6  ec20.o(i.EC20_4G_Reset)
    EC20_init_check                          0x08001b1d   Thumb Code  1948  ec20.o(i.EC20_init_check)
    Error_Handler                            0x0800245d   Thumb Code     4  main.o(i.Error_Handler)
    GPS_Analysis                             0x08002461   Thumb Code   116  ec20.o(i.GPS_Analysis)
    Get                                      0x0800256d   Thumb Code     8  tim.o(i.Get)
    HAL_ADC_ConfigChannel                    0x08002579   Thumb Code   316  stm32f4xx_hal_adc.o(i.HAL_ADC_ConfigChannel)
    HAL_ADC_ConvCpltCallback                 0x080026c5   Thumb Code     2  stm32f4xx_hal_adc.o(i.HAL_ADC_ConvCpltCallback)
    HAL_ADC_ConvHalfCpltCallback             0x080026c7   Thumb Code     2  stm32f4xx_hal_adc.o(i.HAL_ADC_ConvHalfCpltCallback)
    HAL_ADC_ErrorCallback                    0x080026c9   Thumb Code     2  stm32f4xx_hal_adc.o(i.HAL_ADC_ErrorCallback)
    HAL_ADC_Init                             0x080026cb   Thumb Code    84  stm32f4xx_hal_adc.o(i.HAL_ADC_Init)
    HAL_ADC_MspInit                          0x08002721   Thumb Code   132  adc.o(i.HAL_ADC_MspInit)
    HAL_ADC_Start_DMA                        0x080027b9   Thumb Code   302  stm32f4xx_hal_adc.o(i.HAL_ADC_Start_DMA)
    HAL_DMA_Abort                            0x0800290d   Thumb Code   146  stm32f4xx_hal_dma.o(i.HAL_DMA_Abort)
    HAL_DMA_Abort_IT                         0x0800299f   Thumb Code    36  stm32f4xx_hal_dma.o(i.HAL_DMA_Abort_IT)
    HAL_DMA_IRQHandler                       0x080029c5   Thumb Code   412  stm32f4xx_hal_dma.o(i.HAL_DMA_IRQHandler)
    HAL_DMA_Init                             0x08002b65   Thumb Code   206  stm32f4xx_hal_dma.o(i.HAL_DMA_Init)
    HAL_DMA_Start_IT                         0x08002c39   Thumb Code   110  stm32f4xx_hal_dma.o(i.HAL_DMA_Start_IT)
    HAL_Delay                                0x08002ca7   Thumb Code     6  delay.o(i.HAL_Delay)
    HAL_GPIO_Init                            0x08002cad   Thumb Code   450  stm32f4xx_hal_gpio.o(i.HAL_GPIO_Init)
    HAL_GPIO_ReadPin                         0x08002e9d   Thumb Code    10  stm32f4xx_hal_gpio.o(i.HAL_GPIO_ReadPin)
    HAL_GPIO_WritePin                        0x08002ea7   Thumb Code    10  stm32f4xx_hal_gpio.o(i.HAL_GPIO_WritePin)
    HAL_GetTick                              0x08002eb1   Thumb Code     6  stm32f4xx_hal.o(i.HAL_GetTick)
    HAL_I2C_Init                             0x08002ebd   Thumb Code   376  stm32f4xx_hal_i2c.o(i.HAL_I2C_Init)
    HAL_I2C_MspInit                          0x08003045   Thumb Code   144  i2c.o(i.HAL_I2C_MspInit)
    HAL_IncTick                              0x080030e9   Thumb Code    12  stm32f4xx_hal.o(i.HAL_IncTick)
    HAL_Init                                 0x080030f9   Thumb Code    48  stm32f4xx_hal.o(i.HAL_Init)
    HAL_InitTick                             0x0800312d   Thumb Code    54  stm32f4xx_hal.o(i.HAL_InitTick)
    HAL_MspInit                              0x0800316d   Thumb Code    48  stm32f4xx_hal_msp.o(i.HAL_MspInit)
    HAL_NVIC_EnableIRQ                       0x080031a1   Thumb Code    26  stm32f4xx_hal_cortex.o(i.HAL_NVIC_EnableIRQ)
    HAL_NVIC_SetPriority                     0x080031bd   Thumb Code    60  stm32f4xx_hal_cortex.o(i.HAL_NVIC_SetPriority)
    HAL_NVIC_SetPriorityGrouping             0x080031fd   Thumb Code    26  stm32f4xx_hal_cortex.o(i.HAL_NVIC_SetPriorityGrouping)
    HAL_RCC_ClockConfig                      0x08003221   Thumb Code   288  stm32f4xx_hal_rcc.o(i.HAL_RCC_ClockConfig)
    HAL_RCC_GetPCLK1Freq                     0x08003355   Thumb Code    20  stm32f4xx_hal_rcc.o(i.HAL_RCC_GetPCLK1Freq)
    HAL_RCC_GetPCLK2Freq                     0x08003375   Thumb Code    20  stm32f4xx_hal_rcc.o(i.HAL_RCC_GetPCLK2Freq)
    HAL_RCC_GetSysClockFreq                  0x08003395   Thumb Code    88  stm32f4xx_hal_rcc.o(i.HAL_RCC_GetSysClockFreq)
    HAL_RCC_OscConfig                        0x080033f5   Thumb Code   856  stm32f4xx_hal_rcc.o(i.HAL_RCC_OscConfig)
    HAL_SYSTICK_CLKSourceConfig              0x08003761   Thumb Code    24  stm32f4xx_hal_cortex.o(i.HAL_SYSTICK_CLKSourceConfig)
    HAL_SYSTICK_Config                       0x08003779   Thumb Code    40  stm32f4xx_hal_cortex.o(i.HAL_SYSTICK_Config)
    HAL_TIMEx_MasterConfigSynchronization    0x080037a1   Thumb Code   116  stm32f4xx_hal_tim_ex.o(i.HAL_TIMEx_MasterConfigSynchronization)
    HAL_TIM_Base_Init                        0x08003831   Thumb Code    90  stm32f4xx_hal_tim.o(i.HAL_TIM_Base_Init)
    HAL_TIM_Base_MspInit                     0x0800388d   Thumb Code    30  tim.o(i.HAL_TIM_Base_MspInit)
    HAL_TIM_Base_Start_IT                    0x080038b5   Thumb Code   100  stm32f4xx_hal_tim.o(i.HAL_TIM_Base_Start_IT)
    HAL_TIM_Base_Stop_IT                     0x08003935   Thumb Code    48  stm32f4xx_hal_tim.o(i.HAL_TIM_Base_Stop_IT)
    HAL_UARTEx_RxEventCallback               0x08003965   Thumb Code     2  stm32f4xx_hal_uart.o(i.HAL_UARTEx_RxEventCallback)
    HAL_UART_DMAStop                         0x08003967   Thumb Code   112  stm32f4xx_hal_uart.o(i.HAL_UART_DMAStop)
    HAL_UART_ErrorCallback                   0x080039d7   Thumb Code     2  stm32f4xx_hal_uart.o(i.HAL_UART_ErrorCallback)
    HAL_UART_IRQHandler                      0x080039d9   Thumb Code   610  stm32f4xx_hal_uart.o(i.HAL_UART_IRQHandler)
    HAL_UART_Init                            0x08003c41   Thumb Code    98  stm32f4xx_hal_uart.o(i.HAL_UART_Init)
    HAL_UART_MspInit                         0x08003ca5   Thumb Code   338  usart.o(i.HAL_UART_MspInit)
    HAL_UART_Receive_DMA                     0x08003e19   Thumb Code    42  stm32f4xx_hal_uart.o(i.HAL_UART_Receive_DMA)
    HAL_UART_Receive_IT                      0x08003e43   Thumb Code    42  stm32f4xx_hal_uart.o(i.HAL_UART_Receive_IT)
    HAL_UART_RxCpltCallback                  0x08003e6d   Thumb Code    70  usart.o(i.HAL_UART_RxCpltCallback)
    HAL_UART_RxHalfCpltCallback              0x08003ec5   Thumb Code     2  stm32f4xx_hal_uart.o(i.HAL_UART_RxHalfCpltCallback)
    HAL_UART_Transmit                        0x08003ec9   Thumb Code   178  stm32f4xx_hal_uart.o(i.HAL_UART_Transmit)
    HAL_UART_TxCpltCallback                  0x08003f7b   Thumb Code     2  stm32f4xx_hal_uart.o(i.HAL_UART_TxCpltCallback)
    HCSR04_Detect                            0x08003f7d   Thumb Code    22  main.o(i.HCSR04_Detect)
    HCSR04_measure                           0x08003fad   Thumb Code    38  tim.o(i.HCSR04_measure)
    HardFault_Handler                        0x08003fd9   Thumb Code     2  stm32f4xx_it.o(i.HardFault_Handler)
    IIC_Ack                                  0x08003fdd   Thumb Code    56  myiic.o(i.IIC_Ack)
    IIC_Init                                 0x0800401d   Thumb Code    60  myiic.o(i.IIC_Init)
    IIC_NAck                                 0x08004065   Thumb Code    56  myiic.o(i.IIC_NAck)
    IIC_Read_Byte                            0x080040a5   Thumb Code    96  myiic.o(i.IIC_Read_Byte)
    IIC_Send_Byte                            0x0800410d   Thumb Code    86  myiic.o(i.IIC_Send_Byte)
    IIC_Start                                0x0800416d   Thumb Code    56  myiic.o(i.IIC_Start)
    IIC_Stop                                 0x080041ad   Thumb Code    58  myiic.o(i.IIC_Stop)
    IIC_Wait_Ack                             0x080041f1   Thumb Code    74  myiic.o(i.IIC_Wait_Ack)
    MPU6050_Detect                           0x08004245   Thumb Code   294  main.o(i.MPU6050_Detect)
    MPU_Get_Accelerometer                    0x08004409   Thumb Code    50  mpu6050.o(i.MPU_Get_Accelerometer)
    MPU_Get_Gyroscope                        0x0800443b   Thumb Code    50  mpu6050.o(i.MPU_Get_Gyroscope)
    MPU_Get_Temperature                      0x0800446d   Thumb Code    78  mpu6050.o(i.MPU_Get_Temperature)
    MPU_Init                                 0x080044d1   Thumb Code   118  mpu6050.o(i.MPU_Init)
    MPU_Read_Byte                            0x08004547   Thumb Code    58  mpu6050.o(i.MPU_Read_Byte)
    MPU_Read_Len                             0x08004581   Thumb Code   108  mpu6050.o(i.MPU_Read_Len)
    MPU_Set_Accel_Fsr                        0x080045ed   Thumb Code    10  mpu6050.o(i.MPU_Set_Accel_Fsr)
    MPU_Set_Gyro_Fsr                         0x080045f7   Thumb Code    10  mpu6050.o(i.MPU_Set_Gyro_Fsr)
    MPU_Set_LPF                              0x08004601   Thumb Code    48  mpu6050.o(i.MPU_Set_LPF)
    MPU_Set_Rate                             0x08004631   Thumb Code    46  mpu6050.o(i.MPU_Set_Rate)
    MPU_Write_Byte                           0x0800465f   Thumb Code    60  mpu6050.o(i.MPU_Write_Byte)
    MPU_Write_Len                            0x0800469b   Thumb Code    82  mpu6050.o(i.MPU_Write_Len)
    MS583703BA_RESET                         0x080046ed   Thumb Code    34  ms5837.o(i.MS583703BA_RESET)
    MS583703BA_getConversion                 0x0800470f   Thumb Code   118  ms5837.o(i.MS583703BA_getConversion)
    MS5837_Getdata                           0x08004785   Thumb Code   664  ms5837.o(i.MS5837_Getdata)
    MS5837_IIC_Ack                           0x08004a65   Thumb Code    56  ms5837iic.o(i.MS5837_IIC_Ack)
    MS5837_IIC_Init                          0x08004aa5   Thumb Code    64  ms5837iic.o(i.MS5837_IIC_Init)
    MS5837_IIC_NAck                          0x08004af1   Thumb Code    56  ms5837iic.o(i.MS5837_IIC_NAck)
    MS5837_IIC_Read_Byte                     0x08004b31   Thumb Code    96  ms5837iic.o(i.MS5837_IIC_Read_Byte)
    MS5837_IIC_Send_Byte                     0x08004b99   Thumb Code    86  ms5837iic.o(i.MS5837_IIC_Send_Byte)
    MS5837_IIC_Start                         0x08004bf9   Thumb Code    56  ms5837iic.o(i.MS5837_IIC_Start)
    MS5837_IIC_Stop                          0x08004c39   Thumb Code    58  ms5837iic.o(i.MS5837_IIC_Stop)
    MS5837_IIC_Wait_Ack                      0x08004c7d   Thumb Code    74  ms5837iic.o(i.MS5837_IIC_Wait_Ack)
    MS5837_init                              0x08004cd1   Thumb Code   170  ms5837.o(i.MS5837_init)
    MX_ADC1_Init                             0x08004d85   Thumb Code   188  adc.o(i.MX_ADC1_Init)
    MX_DMA_Init                              0x08004e4d   Thumb Code    88  dma.o(i.MX_DMA_Init)
    MX_GPIO_Init                             0x08004ea9   Thumb Code   234  gpio.o(i.MX_GPIO_Init)
    MX_I2C1_Init                             0x08004fa5   Thumb Code    50  i2c.o(i.MX_I2C1_Init)
    MX_I2C2_Init                             0x08004fe5   Thumb Code    50  i2c.o(i.MX_I2C2_Init)
    MX_TIM6_Init                             0x08005025   Thumb Code    62  tim.o(i.MX_TIM6_Init)
    MX_USART1_UART_Init                      0x0800506d   Thumb Code    48  usart.o(i.MX_USART1_UART_Init)
    MX_USART2_UART_Init                      0x080050a5   Thumb Code    48  usart.o(i.MX_USART2_UART_Init)
    MX_USART3_UART_Init                      0x080050dd   Thumb Code    48  usart.o(i.MX_USART3_UART_Init)
    MemManage_Handler                        0x08005115   Thumb Code     2  stm32f4xx_it.o(i.MemManage_Handler)
    Mqtt_Senddata                            0x08005119   Thumb Code  1676  ec20.o(i.Mqtt_Senddata)
    NMI_Handler                              0x080058d5   Thumb Code     2  stm32f4xx_it.o(i.NMI_Handler)
    PARSE_GPRMC                              0x080058d9   Thumb Code   190  ec20.o(i.PARSE_GPRMC)
    PH_check                                 0x080059cd   Thumb Code    32  main.o(i.PH_check)
    Parse_UTCTime                            0x080059f5   Thumb Code    54  ec20.o(i.Parse_UTCTime)
    Parse_gps_data                           0x08005a51   Thumb Code   266  ec20.o(i.Parse_gps_data)
    PendSV_Handler                           0x08005b99   Thumb Code     2  stm32f4xx_it.o(i.PendSV_Handler)
    SVC_Handler                              0x08005b9b   Thumb Code     2  stm32f4xx_it.o(i.SVC_Handler)
    Start                                    0x08005b9d   Thumb Code    34  tim.o(i.Start)
    SysTick_Handler                          0x08005bc5   Thumb Code     4  stm32f4xx_it.o(i.SysTick_Handler)
    SystemClock_Config                       0x08005bc9   Thumb Code   142  main.o(i.SystemClock_Config)
    SystemInit                               0x08005c61   Thumb Code    12  system_stm32f4xx.o(i.SystemInit)
    TIM_Base_SetConfig                       0x08005c71   Thumb Code   156  stm32f4xx_hal_tim.o(i.TIM_Base_SetConfig)
    Temper_Detect                            0x08005d39   Thumb Code    54  main.o(i.Temper_Detect)
    UART_Start_Receive_DMA                   0x080060dd   Thumb Code   134  stm32f4xx_hal_uart.o(i.UART_Start_Receive_DMA)
    UART_Start_Receive_IT                    0x08006171   Thumb Code    58  stm32f4xx_hal_uart.o(i.UART_Start_Receive_IT)
    USART2_IRQHandler                        0x08006225   Thumb Code    18  stm32f4xx_it.o(i.USART2_IRQHandler)
    USART3_IRQHandler                        0x0800623d   Thumb Code    18  stm32f4xx_it.o(i.USART3_IRQHandler)
    USER_UART2_IRQHander                     0x08006255   Thumb Code    40  usart.o(i.USER_UART2_IRQHander)
    USER_UART3_IRQHander                     0x08006285   Thumb Code    40  usart.o(i.USER_UART3_IRQHander)
    USER_USART2_IDLECallback                 0x080062b5   Thumb Code    44  usart.o(i.USER_USART2_IDLECallback)
    USER_USART3_IDLECallback                 0x080062ed   Thumb Code    44  usart.o(i.USER_USART3_IDLECallback)
    UsageFault_Handler                       0x08006325   Thumb Code     2  stm32f4xx_it.o(i.UsageFault_Handler)
    __0printf                                0x08006329   Thumb Code    22  printfa.o(i.__0printf)
    __1printf                                0x08006329   Thumb Code     0  printfa.o(i.__0printf)
    __2printf                                0x08006329   Thumb Code     0  printfa.o(i.__0printf)
    __c89printf                              0x08006329   Thumb Code     0  printfa.o(i.__0printf)
    printf                                   0x08006329   Thumb Code     0  printfa.o(i.__0printf)
    __0sprintf                               0x08006349   Thumb Code    34  printfa.o(i.__0sprintf)
    __1sprintf                               0x08006349   Thumb Code     0  printfa.o(i.__0sprintf)
    __2sprintf                               0x08006349   Thumb Code     0  printfa.o(i.__0sprintf)
    __c89sprintf                             0x08006349   Thumb Code     0  printfa.o(i.__0sprintf)
    sprintf                                  0x08006349   Thumb Code     0  printfa.o(i.__0sprintf)
    __0vsnprintf                             0x08006371   Thumb Code    46  printfa.o(i.__0vsnprintf)
    __1vsnprintf                             0x08006371   Thumb Code     0  printfa.o(i.__0vsnprintf)
    __2vsnprintf                             0x08006371   Thumb Code     0  printfa.o(i.__0vsnprintf)
    __c89vsnprintf                           0x08006371   Thumb Code     0  printfa.o(i.__0vsnprintf)
    vsnprintf                                0x08006371   Thumb Code     0  printfa.o(i.__0vsnprintf)
    __ARM_fpclassify                         0x080063a5   Thumb Code    48  fpclassify.o(i.__ARM_fpclassify)
    free                                     0x080063f5   Thumb Code    88  mallocr.o(i.__free$realloc)
    __hardfp_asin                            0x08006451   Thumb Code   770  asin.o(i.__hardfp_asin)
    __hardfp_atan                            0x080067b1   Thumb Code   622  atan.o(i.__hardfp_atan)
    __hardfp_atan2                           0x08006a89   Thumb Code   448  atan2.o(i.__hardfp_atan2)
    __hardfp_fabs                            0x08006c89   Thumb Code    20  fabs.o(i.__hardfp_fabs)
    __hardfp_floor                           0x08006ca1   Thumb Code   252  floor.o(i.__hardfp_floor)
    __kernel_poly                            0x08006db9   Thumb Code   248  poly.o(i.__kernel_poly)
    malloc                                   0x08006eb1   Thumb Code    64  mallocr.o(i.__malloc$realloc)
    __mathlib_dbl_infnan                     0x08006f01   Thumb Code    20  dunder.o(i.__mathlib_dbl_infnan)
    __mathlib_dbl_infnan2                    0x08006f15   Thumb Code    20  dunder.o(i.__mathlib_dbl_infnan2)
    __mathlib_dbl_invalid                    0x08006f29   Thumb Code    24  dunder.o(i.__mathlib_dbl_invalid)
    __mathlib_dbl_underflow                  0x08006f49   Thumb Code    24  dunder.o(i.__mathlib_dbl_underflow)
    __scatterload_copy                       0x08006f69   Thumb Code    14  handlers.o(i.__scatterload_copy)
    __scatterload_null                       0x08006f77   Thumb Code     2  handlers.o(i.__scatterload_null)
    __scatterload_zeroinit                   0x08006f79   Thumb Code    14  handlers.o(i.__scatterload_zeroinit)
    __set_errno                              0x08006f89   Thumb Code     6  errno.o(i.__set_errno)
    _is_digit                                0x08007119   Thumb Code    14  scanf_fp.o(i._is_digit)
    atan                                     0x08007965   Thumb Code    16  atan.o(i.atan)
    cJSON_AddItemToObject                    0x08007975   Thumb Code    14  cjson.o(i.cJSON_AddItemToObject)
    cJSON_CreateNumber                       0x08007989   Thumb Code    98  cjson.o(i.cJSON_CreateNumber)
    cJSON_CreateObject                       0x08007a01   Thumb Code    18  cjson.o(i.cJSON_CreateObject)
    cJSON_Delete                             0x08007a19   Thumb Code    66  cjson.o(i.cJSON_Delete)
    cJSON_GetObjectItem                      0x08007a61   Thumb Code     6  cjson.o(i.cJSON_GetObjectItem)
    cJSON_PrintUnformatted                   0x08007a7d   Thumb Code     8  cjson.o(i.cJSON_PrintUnformatted)
    cJSON_SetNumberHelper                    0x08007a89   Thumb Code    92  cjson.o(i.cJSON_SetNumberHelper)
    check_seepage                            0x08007b1d   Thumb Code    18  main.o(i.check_seepage)
    delay_init                               0x08007bed   Thumb Code    16  delay.o(i.delay_init)
    delay_ms                                 0x08007c01   Thumb Code    54  delay.o(i.delay_ms)
    delay_us                                 0x08007c3d   Thumb Code    48  delay.o(i.delay_us)
    dht11_check                              0x08007c71   Thumb Code    88  dht11.o(i.dht11_check)
    dht11_init                               0x08007ccd   Thumb Code    60  dht11.o(i.dht11_init)
    dht11_read_bit                           0x08007d11   Thumb Code    86  dht11.o(i.dht11_read_bit)
    dht11_read_data                          0x08007d6d   Thumb Code   102  dht11.o(i.dht11_read_data)
    dmp_enable_6x_lp_quat                    0x08007e05   Thumb Code    58  inv_mpu_dmp_motion_driver.o(i.dmp_enable_6x_lp_quat)
    dmp_enable_feature                       0x08007e41   Thumb Code   464  inv_mpu_dmp_motion_driver.o(i.dmp_enable_feature)
    dmp_enable_gyro_cal                      0x08008019   Thumb Code    34  inv_mpu_dmp_motion_driver.o(i.dmp_enable_gyro_cal)
    dmp_enable_lp_quat                       0x08008055   Thumb Code    58  inv_mpu_dmp_motion_driver.o(i.dmp_enable_lp_quat)
    dmp_load_motion_driver_firmware          0x08008091   Thumb Code    16  inv_mpu_dmp_motion_driver.o(i.dmp_load_motion_driver_firmware)
    dmp_read_fifo                            0x080080a5   Thumb Code   356  inv_mpu_dmp_motion_driver.o(i.dmp_read_fifo)
    dmp_set_accel_bias                       0x0800820d   Thumb Code   210  inv_mpu_dmp_motion_driver.o(i.dmp_set_accel_bias)
    dmp_set_fifo_rate                        0x080082e5   Thumb Code    82  inv_mpu_dmp_motion_driver.o(i.dmp_set_fifo_rate)
    dmp_set_gyro_bias                        0x08008349   Thumb Code   196  inv_mpu_dmp_motion_driver.o(i.dmp_set_gyro_bias)
    dmp_set_orientation                      0x08008415   Thumb Code   246  inv_mpu_dmp_motion_driver.o(i.dmp_set_orientation)
    dmp_set_shake_reject_thresh              0x08008521   Thumb Code    48  inv_mpu_dmp_motion_driver.o(i.dmp_set_shake_reject_thresh)
    dmp_set_shake_reject_time                0x08008551   Thumb Code    32  inv_mpu_dmp_motion_driver.o(i.dmp_set_shake_reject_time)
    dmp_set_shake_reject_timeout             0x08008571   Thumb Code    32  inv_mpu_dmp_motion_driver.o(i.dmp_set_shake_reject_timeout)
    dmp_set_tap_axes                         0x08008591   Thumb Code    64  inv_mpu_dmp_motion_driver.o(i.dmp_set_tap_axes)
    dmp_set_tap_count                        0x080085d1   Thumb Code    34  inv_mpu_dmp_motion_driver.o(i.dmp_set_tap_count)
    dmp_set_tap_thresh                       0x080085f5   Thumb Code   314  inv_mpu_dmp_motion_driver.o(i.dmp_set_tap_thresh)
    dmp_set_tap_time                         0x08008755   Thumb Code    32  inv_mpu_dmp_motion_driver.o(i.dmp_set_tap_time)
    dmp_set_tap_time_multi                   0x08008775   Thumb Code    32  inv_mpu_dmp_motion_driver.o(i.dmp_set_tap_time_multi)
    fabs                                     0x0800881f   Thumb Code    24  fabs.o(i.fabs)
    for_delay_us                             0x08008837   Thumb Code    16  tim.o(i.for_delay_us)
    fputc                                    0x08008849   Thumb Code    18  usart.o(i.fputc)
    get_stop                                 0x08008ca5   Thumb Code    30  tim.o(i.get_stop)
    inv_orientation_matrix_to_scalar         0x08008ded   Thumb Code    34  inv_mpu.o(i.inv_orientation_matrix_to_scalar)
    inv_row_2_scale                          0x08008e0f   Thumb Code    72  inv_mpu.o(i.inv_row_2_scale)
    main                                     0x08008e59   Thumb Code   268  main.o(i.main)
    mget_ms                                  0x08008fcd   Thumb Code     2  inv_mpu.o(i.mget_ms)
    mpu_configure_fifo                       0x08008fd1   Thumb Code    78  inv_mpu.o(i.mpu_configure_fifo)
    mpu_dmp_get_data                         0x08009025   Thumb Code   344  inv_mpu.o(i.mpu_dmp_get_data)
    mpu_dmp_init                             0x08009189   Thumb Code   160  inv_mpu.o(i.mpu_dmp_init)
    mpu_get_accel_fsr                        0x0800922d   Thumb Code    54  inv_mpu.o(i.mpu_get_accel_fsr)
    mpu_get_accel_sens                       0x08009269   Thumb Code    62  inv_mpu.o(i.mpu_get_accel_sens)
    mpu_get_gyro_fsr                         0x080092ad   Thumb Code    48  inv_mpu.o(i.mpu_get_gyro_fsr)
    mpu_get_gyro_sens                        0x080092e1   Thumb Code    54  inv_mpu.o(i.mpu_get_gyro_sens)
    mpu_get_lpf                              0x0800932d   Thumb Code    52  inv_mpu.o(i.mpu_get_lpf)
    mpu_get_sample_rate                      0x08009365   Thumb Code    22  inv_mpu.o(i.mpu_get_sample_rate)
    mpu_init                                 0x08009381   Thumb Code   310  inv_mpu.o(i.mpu_init)
    mpu_load_firmware                        0x08009509   Thumb Code   154  inv_mpu.o(i.mpu_load_firmware)
    mpu_lp_accel_mode                        0x080095a9   Thumb Code   178  inv_mpu.o(i.mpu_lp_accel_mode)
    mpu_read_fifo_stream                     0x08009661   Thumb Code   140  inv_mpu.o(i.mpu_read_fifo_stream)
    mpu_read_mem                             0x080096f1   Thumb Code    80  inv_mpu.o(i.mpu_read_mem)
    mpu_reset_fifo                           0x08009745   Thumb Code   346  inv_mpu.o(i.mpu_reset_fifo)
    mpu_run_self_test                        0x080098a5   Thumb Code   234  inv_mpu.o(i.mpu_run_self_test)
    mpu_set_accel_fsr                        0x08009995   Thumb Code    98  inv_mpu.o(i.mpu_set_accel_fsr)
    mpu_set_bypass                           0x080099fd   Thumb Code   214  inv_mpu.o(i.mpu_set_bypass)
    mpu_set_dmp_state                        0x08009ad9   Thumb Code   114  inv_mpu.o(i.mpu_set_dmp_state)
    mpu_set_gyro_fsr                         0x08009b51   Thumb Code   104  inv_mpu.o(i.mpu_set_gyro_fsr)
    mpu_set_int_latched                      0x08009bbd   Thumb Code    94  inv_mpu.o(i.mpu_set_int_latched)
    mpu_set_lpf                              0x08009c21   Thumb Code   102  inv_mpu.o(i.mpu_set_lpf)
    mpu_set_sample_rate                      0x08009c8d   Thumb Code   124  inv_mpu.o(i.mpu_set_sample_rate)
    mpu_set_sensors                          0x08009d0d   Thumb Code   178  inv_mpu.o(i.mpu_set_sensors)
    mpu_write_mem                            0x08009dc5   Thumb Code    80  inv_mpu.o(i.mpu_write_mem)
    printf1                                  0x0800a399   Thumb Code    68  usart.o(i.printf1)
    realloc                                  0x0800a3e1   Thumb Code   102  mallocr.o(i.realloc)
    run_self_test                            0x0800a44d   Thumb Code   136  inv_mpu.o(i.run_self_test)
    sqrt                                     0x0800a52d   Thumb Code   110  sqrt.o(i.sqrt)
    start                                    0x0800a59d   Thumb Code    14  tim.o(i.start)
    tds_check                                0x0800a5b1   Thumb Code    16  main.o(i.tds_check)
    turbidity_check                          0x0800a5c5   Thumb Code    16  main.o(i.turbidity_check)
    AHBPrescTable                            0x0800a600   Data          16  system_stm32f4xx.o(.constdata)
    APBPrescTable                            0x0800a610   Data           8  system_stm32f4xx.o(.constdata)
    reg                                      0x0800a618   Data          27  inv_mpu.o(.constdata)
    hw                                       0x0800a634   Data          12  inv_mpu.o(.constdata)
    test                                     0x0800a640   Data          40  inv_mpu.o(.constdata)
    __mathlib_zero                           0x0800b348   Data           8  qnan.o(.constdata)
    __ctype_categories                       0x0800b350   Data          64  ctype_c.o(.constdata)
    Region$$Table$$Base                      0x0800b3e0   Number         0  anon$$obj.o(Region$$Table)
    Region$$Table$$Limit                     0x0800b400   Number         0  anon$$obj.o(Region$$Table)
    temperature                              0x20000000   Data           1  main.o(.data)
    humidity                                 0x20000001   Data           1  main.o(.data)
    dta                                      0x20000008   Data           4  tim.o(.data)
    USART2_RX_Flag                           0x2000000c   Data           1  usart.o(.data)
    USART3_RX_Flag                           0x2000000d   Data           1  usart.o(.data)
    USART1_SingleByte                        0x2000000e   Data           1  usart.o(.data)
    USART1_RX_STA                            0x20000010   Data           2  usart.o(.data)
    USART2_RX_STA                            0x20000012   Data           2  usart.o(.data)
    USART3_RX_STA                            0x20000014   Data           2  usart.o(.data)
    __stdout                                 0x20000018   Data           4  usart.o(.data)
    uwTickFreq                               0x2000001c   Data           1  stm32f4xx_hal.o(.data)
    uwTickPrio                               0x20000020   Data           4  stm32f4xx_hal.o(.data)
    uwTick                                   0x20000024   Data           4  stm32f4xx_hal.o(.data)
    SystemCoreClock                          0x20000028   Data           4  system_stm32f4xx.o(.data)
    watertemperature                         0x20000030   Data           1  ec20.o(.data)
    seepage                                  0x20000038   Data           4  ec20.o(.data)
    pressure                                 0x2000003c   Data           4  ec20.o(.data)
    windspeed                                0x20000040   Data           4  ec20.o(.data)
    turbidity                                0x20000044   Data           4  ec20.o(.data)
    ph                                       0x20000048   Data           4  ec20.o(.data)
    tds                                      0x2000004c   Data           4  ec20.o(.data)
    pitch                                    0x20000050   Data           4  ec20.o(.data)
    roll                                     0x20000054   Data           4  ec20.o(.data)
    yaw                                      0x20000058   Data           4  ec20.o(.data)
    distance                                 0x2000005c   Data           4  ec20.o(.data)
    latitude                                 0x20000068   Data           8  ec20.o(.data)
    longitude                                0x20000070   Data           8  ec20.o(.data)
    Aux                                      0x200000b0   Data           4  ms5837.o(.data)
    D1_Pres                                  0x200000b4   Data           4  ms5837.o(.data)
    D2_Temp                                  0x200000b8   Data           4  ms5837.o(.data)
    T2                                       0x200000bc   Data           4  ms5837.o(.data)
    OFF2                                     0x200000c0   Data           4  ms5837.o(.data)
    SENS2                                    0x200000c4   Data           4  ms5837.o(.data)
    Pressure                                 0x200000c8   Data           4  ms5837.o(.data)
    Atmdsphere_Pressure                      0x200000cc   Data           4  ms5837.o(.data)
    OFF_                                     0x200000d0   Data           8  ms5837.o(.data)
    dT                                       0x200000d8   Data           8  ms5837.o(.data)
    TEMP                                     0x200000e0   Data           8  ms5837.o(.data)
    SENS                                     0x200000e8   Data           8  ms5837.o(.data)
    __microlib_freelist                      0x20000104   Data           4  mvars.o(.data)
    __microlib_freelist_initialised          0x20000108   Data           4  mvars.o(.data)
    Adc_buffer                               0x20000110   Data          24  main.o(.bss)
    hadc1                                    0x20000128   Data          72  adc.o(.bss)
    hdma_adc1                                0x20000170   Data          96  adc.o(.bss)
    hi2c1                                    0x200001d0   Data          84  i2c.o(.bss)
    hi2c2                                    0x20000224   Data          84  i2c.o(.bss)
    htim6                                    0x20000278   Data          72  tim.o(.bss)
    USART1_RX_BUF                            0x200002c0   Data         200  usart.o(.bss)
    USART2_RX_BUF                            0x20000388   Data         400  usart.o(.bss)
    USART3_RX_BUF                            0x20000518   Data         400  usart.o(.bss)
    huart1                                   0x200006a8   Data          68  usart.o(.bss)
    huart2                                   0x200006ec   Data          68  usart.o(.bss)
    huart3                                   0x20000730   Data          68  usart.o(.bss)
    hdma_usart2_rx                           0x20000774   Data          96  usart.o(.bss)
    hdma_usart3_rx                           0x200007d4   Data          96  usart.o(.bss)
    GPRMC                                    0x20000838   Data          72  ec20.o(.bss)
    Cal_C                                    0x20000890   Data          28  ms5837.o(.bss)
    __heap_base                              0x200008b0   Data           0  startup_stm32f407xx.o(HEAP)
    __heap_limit                             0x200014b0   Data           0  startup_stm32f407xx.o(HEAP)
    __initial_sp                             0x200018b0   Data           0  startup_stm32f407xx.o(STACK)



==============================================================================

Memory Map of the image

  Image Entry point : 0x08000189

  Load Region LR_IROM1 (Base: 0x08000000, Size: 0x0000b510, Max: 0x00100000, ABSOLUTE)

    Execution Region ER_IROM1 (Exec base: 0x08000000, Load base: 0x08000000, Size: 0x0000b400, Max: 0x00100000, ABSOLUTE)

    Exec Addr    Load Addr    Size         Type   Attr      Idx    E Section Name        Object

    0x08000000   0x08000000   0x00000188   Data   RO            3    RESET               startup_stm32f407xx.o
    0x08000188   0x08000188   0x00000000   Code   RO         6009  * .ARM.Collect$$$$00000000  mc_w.l(entry.o)
    0x08000188   0x08000188   0x00000004   Code   RO         6410    .ARM.Collect$$$$00000001  mc_w.l(entry2.o)
    0x0800018c   0x0800018c   0x00000004   Code   RO         6413    .ARM.Collect$$$$00000004  mc_w.l(entry5.o)
    0x08000190   0x08000190   0x00000000   Code   RO         6415    .ARM.Collect$$$$00000008  mc_w.l(entry7b.o)
    0x08000190   0x08000190   0x00000000   Code   RO         6417    .ARM.Collect$$$$0000000A  mc_w.l(entry8b.o)
    0x08000190   0x08000190   0x00000008   Code   RO         6418    .ARM.Collect$$$$0000000B  mc_w.l(entry9a.o)
    0x08000198   0x08000198   0x00000004   Code   RO         6425    .ARM.Collect$$$$0000000E  mc_w.l(entry12b.o)
    0x0800019c   0x0800019c   0x00000000   Code   RO         6420    .ARM.Collect$$$$0000000F  mc_w.l(entry10a.o)
    0x0800019c   0x0800019c   0x00000000   Code   RO         6422    .ARM.Collect$$$$00000011  mc_w.l(entry11a.o)
    0x0800019c   0x0800019c   0x00000004   Code   RO         6411    .ARM.Collect$$$$00002712  mc_w.l(entry2.o)
    0x080001a0   0x080001a0   0x00000024   Code   RO            4    .text               startup_stm32f407xx.o
    0x080001c4   0x080001c4   0x00000062   Code   RO         6012    .text               mc_w.l(uldiv.o)
    0x08000226   0x08000226   0x00000062   Code   RO         6014    .text               mc_w.l(ldiv.o)
    0x08000288   0x08000288   0x0000000c   Code   RO         6016    .text               mc_w.l(tolower.o)
    0x08000294   0x08000294   0x00000024   Code   RO         6018    .text               mc_w.l(memcpya.o)
    0x080002b8   0x080002b8   0x00000024   Code   RO         6020    .text               mc_w.l(memseta.o)
    0x080002dc   0x080002dc   0x00000024   Code   RO         6024    .text               mc_w.l(strstr.o)
    0x08000300   0x08000300   0x00000014   Code   RO         6026    .text               mc_w.l(strchr.o)
    0x08000314   0x08000314   0x0000000e   Code   RO         6028    .text               mc_w.l(strlen.o)
    0x08000322   0x08000322   0x0000001c   Code   RO         6030    .text               mc_w.l(strcmp.o)
    0x0800033e   0x0800033e   0x0000001a   Code   RO         6032    .text               mc_w.l(memcmp.o)
    0x08000358   0x08000358   0x00000012   Code   RO         6034    .text               mc_w.l(strcpy.o)
    0x0800036a   0x0800036a   0x00000002   PAD
    0x0800036c   0x0800036c   0x00000038   Code   RO         6331    .text               mc_w.l(__0sscanf.o)
    0x080003a4   0x080003a4   0x0000014c   Code   RO         6333    .text               mc_w.l(_scanf_int.o)
    0x080004f0   0x080004f0   0x00000360   Code   RO         6335    .text               mc_w.l(scanf_fp.o)
    0x08000850   0x08000850   0x0000014e   Code   RO         6339    .text               mf_w.l(dadd.o)
    0x0800099e   0x0800099e   0x000000e4   Code   RO         6341    .text               mf_w.l(dmul.o)
    0x08000a82   0x08000a82   0x000000de   Code   RO         6343    .text               mf_w.l(ddiv.o)
    0x08000b60   0x08000b60   0x0000001c   Code   RO         6345    .text               mf_w.l(ffltul.o)
    0x08000b7c   0x08000b7c   0x00000022   Code   RO         6347    .text               mf_w.l(dflti.o)
    0x08000b9e   0x08000b9e   0x0000001a   Code   RO         6349    .text               mf_w.l(dfltui.o)
    0x08000bb8   0x08000bb8   0x00000018   Code   RO         6351    .text               mf_w.l(dfltul.o)
    0x08000bd0   0x08000bd0   0x0000003e   Code   RO         6353    .text               mf_w.l(dfixi.o)
    0x08000c0e   0x08000c0e   0x00000032   Code   RO         6355    .text               mf_w.l(dfixui.o)
    0x08000c40   0x08000c40   0x00000026   Code   RO         6357    .text               mf_w.l(f2d.o)
    0x08000c66   0x08000c66   0x00000002   PAD
    0x08000c68   0x08000c68   0x00000030   Code   RO         6359    .text               mf_w.l(cdcmple.o)
    0x08000c98   0x08000c98   0x00000030   Code   RO         6361    .text               mf_w.l(cdrcmple.o)
    0x08000cc8   0x08000cc8   0x00000038   Code   RO         6363    .text               mf_w.l(d2f.o)
    0x08000d00   0x08000d00   0x0000002c   Code   RO         6426    .text               mc_w.l(uidiv.o)
    0x08000d2c   0x08000d2c   0x0000001e   Code   RO         6428    .text               mc_w.l(llshl.o)
    0x08000d4a   0x08000d4a   0x00000020   Code   RO         6430    .text               mc_w.l(llushr.o)
    0x08000d6a   0x08000d6a   0x00000024   Code   RO         6432    .text               mc_w.l(llsshr.o)
    0x08000d8e   0x08000d8e   0x0000001c   Code   RO         6443    .text               mc_w.l(_chval.o)
    0x08000daa   0x08000daa   0x00000002   PAD
    0x08000dac   0x08000dac   0x00000028   Code   RO         6445    .text               mc_w.l(scanf_char.o)
    0x08000dd4   0x08000dd4   0x00000040   Code   RO         6447    .text               mc_w.l(_sgetc.o)
    0x08000e14   0x08000e14   0x00000000   Code   RO         6451    .text               mc_w.l(iusefp.o)
    0x08000e14   0x08000e14   0x0000006e   Code   RO         6452    .text               mf_w.l(fepilogue.o)
    0x08000e82   0x08000e82   0x000000ba   Code   RO         6454    .text               mf_w.l(depilogue.o)
    0x08000f3c   0x08000f3c   0x00000030   Code   RO         6458    .text               mf_w.l(dfixul.o)
    0x08000f6c   0x08000f6c   0x00000024   Code   RO         6460    .text               mc_w.l(init.o)
    0x08000f90   0x08000f90   0x0000000a   Code   RO         6462    .text               mc_w.l(isspace_c.o)
    0x08000f9a   0x08000f9a   0x00000002   PAD
    0x08000f9c   0x08000f9c   0x00000330   Code   RO         6464    .text               mc_w.l(_scanf.o)
    0x080012cc   0x080012cc   0x000000a2   Code   RO         6466    .text               mf_w.l(dsqrt.o)
    0x0800136e   0x0800136e   0x00000002   PAD
    0x08001370   0x08001370   0x00000028   Code   RO         6468    .text               mc_w.l(ctype_c.o)
    0x08001398   0x08001398   0x0000006e   Code   RO          757    i.ADC_DMAConvCplt   stm32f4xx_hal_adc.o
    0x08001406   0x08001406   0x00000016   Code   RO          758    i.ADC_DMAError      stm32f4xx_hal_adc.o
    0x0800141c   0x0800141c   0x0000000a   Code   RO          759    i.ADC_DMAHalfConvCplt  stm32f4xx_hal_adc.o
    0x08001426   0x08001426   0x00000002   PAD
    0x08001428   0x08001428   0x00000128   Code   RO          760    i.ADC_Init          stm32f4xx_hal_adc.o
    0x08001550   0x08001550   0x000002a8   Code   RO           13    i.ADC_Process_Function  main.o
    0x080017f8   0x080017f8   0x00000002   Code   RO          627    i.BusFault_Handler  stm32f4xx_it.o
    0x080017fa   0x080017fa   0x00000002   PAD
    0x080017fc   0x080017fc   0x0000000c   Code   RO          628    i.DMA1_Stream1_IRQHandler  stm32f4xx_it.o
    0x08001808   0x08001808   0x0000000c   Code   RO          629    i.DMA1_Stream5_IRQHandler  stm32f4xx_it.o
    0x08001814   0x08001814   0x0000000c   Code   RO          630    i.DMA2_Stream0_IRQHandler  stm32f4xx_it.o
    0x08001820   0x08001820   0x00000028   Code   RO         1494    i.DMA_CalcBaseAndBitshift  stm32f4xx_hal_dma.o
    0x08001848   0x08001848   0x00000054   Code   RO         1495    i.DMA_CheckFifoParam  stm32f4xx_hal_dma.o
    0x0800189c   0x0800189c   0x00000028   Code   RO         1496    i.DMA_SetConfig     stm32f4xx_hal_dma.o
    0x080018c4   0x080018c4   0x00000060   Code   RO         5058    i.DS18B20_Check     ds18b20.o
    0x08001924   0x08001924   0x00000064   Code   RO         5059    i.DS18B20_Get_Temp  ds18b20.o
    0x08001988   0x08001988   0x00000040   Code   RO         5060    i.DS18B20_Init      ds18b20.o
    0x080019c8   0x080019c8   0x0000005c   Code   RO         5061    i.DS18B20_Read_Bit  ds18b20.o
    0x08001a24   0x08001a24   0x00000020   Code   RO         5062    i.DS18B20_Read_Byte  ds18b20.o
    0x08001a44   0x08001a44   0x00000040   Code   RO         5063    i.DS18B20_Rst       ds18b20.o
    0x08001a84   0x08001a84   0x0000001a   Code   RO         5064    i.DS18B20_Start     ds18b20.o
    0x08001a9e   0x08001a9e   0x00000002   PAD
    0x08001aa0   0x08001aa0   0x00000060   Code   RO         5065    i.DS18B20_Write_Byte  ds18b20.o
    0x08001b00   0x08001b00   0x00000002   Code   RO          631    i.DebugMon_Handler  stm32f4xx_it.o
    0x08001b02   0x08001b02   0x00000002   PAD
    0x08001b04   0x08001b04   0x00000018   Code   RO         4158    i.EC20_4G_Reset     ec20.o
    0x08001b1c   0x08001b1c   0x00000940   Code   RO         4159    i.EC20_init_check   ec20.o
    0x0800245c   0x0800245c   0x00000004   Code   RO           14    i.Error_Handler     main.o
    0x08002460   0x08002460   0x0000010c   Code   RO         4160    i.GPS_Analysis      ec20.o
    0x0800256c   0x0800256c   0x0000000c   Code   RO          421    i.Get               tim.o
    0x08002578   0x08002578   0x0000014c   Code   RO          762    i.HAL_ADC_ConfigChannel  stm32f4xx_hal_adc.o
    0x080026c4   0x080026c4   0x00000002   Code   RO          763    i.HAL_ADC_ConvCpltCallback  stm32f4xx_hal_adc.o
    0x080026c6   0x080026c6   0x00000002   Code   RO          764    i.HAL_ADC_ConvHalfCpltCallback  stm32f4xx_hal_adc.o
    0x080026c8   0x080026c8   0x00000002   Code   RO          766    i.HAL_ADC_ErrorCallback  stm32f4xx_hal_adc.o
    0x080026ca   0x080026ca   0x00000054   Code   RO          771    i.HAL_ADC_Init      stm32f4xx_hal_adc.o
    0x0800271e   0x0800271e   0x00000002   PAD
    0x08002720   0x08002720   0x00000098   Code   RO          308    i.HAL_ADC_MspInit   adc.o
    0x080027b8   0x080027b8   0x00000154   Code   RO          778    i.HAL_ADC_Start_DMA  stm32f4xx_hal_adc.o
    0x0800290c   0x0800290c   0x00000092   Code   RO         1497    i.HAL_DMA_Abort     stm32f4xx_hal_dma.o
    0x0800299e   0x0800299e   0x00000024   Code   RO         1498    i.HAL_DMA_Abort_IT  stm32f4xx_hal_dma.o
    0x080029c2   0x080029c2   0x00000002   PAD
    0x080029c4   0x080029c4   0x000001a0   Code   RO         1502    i.HAL_DMA_IRQHandler  stm32f4xx_hal_dma.o
    0x08002b64   0x08002b64   0x000000d4   Code   RO         1503    i.HAL_DMA_Init      stm32f4xx_hal_dma.o
    0x08002c38   0x08002c38   0x0000006e   Code   RO         1507    i.HAL_DMA_Start_IT  stm32f4xx_hal_dma.o
    0x08002ca6   0x08002ca6   0x00000006   Code   RO         4035    i.HAL_Delay         delay.o
    0x08002cac   0x08002cac   0x000001f0   Code   RO         1390    i.HAL_GPIO_Init     stm32f4xx_hal_gpio.o
    0x08002e9c   0x08002e9c   0x0000000a   Code   RO         1392    i.HAL_GPIO_ReadPin  stm32f4xx_hal_gpio.o
    0x08002ea6   0x08002ea6   0x0000000a   Code   RO         1394    i.HAL_GPIO_WritePin  stm32f4xx_hal_gpio.o
    0x08002eb0   0x08002eb0   0x0000000c   Code   RO         1922    i.HAL_GetTick       stm32f4xx_hal.o
    0x08002ebc   0x08002ebc   0x00000188   Code   RO         2178    i.HAL_I2C_Init      stm32f4xx_hal_i2c.o
    0x08003044   0x08003044   0x000000a4   Code   RO          374    i.HAL_I2C_MspInit   i2c.o
    0x080030e8   0x080030e8   0x00000010   Code   RO         1928    i.HAL_IncTick       stm32f4xx_hal.o
    0x080030f8   0x080030f8   0x00000034   Code   RO         1929    i.HAL_Init          stm32f4xx_hal.o
    0x0800312c   0x0800312c   0x00000040   Code   RO         1930    i.HAL_InitTick      stm32f4xx_hal.o
    0x0800316c   0x0800316c   0x00000034   Code   RO          733    i.HAL_MspInit       stm32f4xx_hal_msp.o
    0x080031a0   0x080031a0   0x0000001a   Code   RO         1779    i.HAL_NVIC_EnableIRQ  stm32f4xx_hal_cortex.o
    0x080031ba   0x080031ba   0x00000002   PAD
    0x080031bc   0x080031bc   0x00000040   Code   RO         1785    i.HAL_NVIC_SetPriority  stm32f4xx_hal_cortex.o
    0x080031fc   0x080031fc   0x00000024   Code   RO         1786    i.HAL_NVIC_SetPriorityGrouping  stm32f4xx_hal_cortex.o
    0x08003220   0x08003220   0x00000134   Code   RO         1036    i.HAL_RCC_ClockConfig  stm32f4xx_hal_rcc.o
    0x08003354   0x08003354   0x00000020   Code   RO         1043    i.HAL_RCC_GetPCLK1Freq  stm32f4xx_hal_rcc.o
    0x08003374   0x08003374   0x00000020   Code   RO         1044    i.HAL_RCC_GetPCLK2Freq  stm32f4xx_hal_rcc.o
    0x08003394   0x08003394   0x00000060   Code   RO         1045    i.HAL_RCC_GetSysClockFreq  stm32f4xx_hal_rcc.o
    0x080033f4   0x080033f4   0x0000036c   Code   RO         1048    i.HAL_RCC_OscConfig  stm32f4xx_hal_rcc.o
    0x08003760   0x08003760   0x00000018   Code   RO         1788    i.HAL_SYSTICK_CLKSourceConfig  stm32f4xx_hal_cortex.o
    0x08003778   0x08003778   0x00000028   Code   RO         1790    i.HAL_SYSTICK_Config  stm32f4xx_hal_cortex.o
    0x080037a0   0x080037a0   0x00000090   Code   RO         3342    i.HAL_TIMEx_MasterConfigSynchronization  stm32f4xx_hal_tim_ex.o
    0x08003830   0x08003830   0x0000005a   Code   RO         2619    i.HAL_TIM_Base_Init  stm32f4xx_hal_tim.o
    0x0800388a   0x0800388a   0x00000002   PAD
    0x0800388c   0x0800388c   0x00000028   Code   RO          423    i.HAL_TIM_Base_MspInit  tim.o
    0x080038b4   0x080038b4   0x00000080   Code   RO         2624    i.HAL_TIM_Base_Start_IT  stm32f4xx_hal_tim.o
    0x08003934   0x08003934   0x00000030   Code   RO         2627    i.HAL_TIM_Base_Stop_IT  stm32f4xx_hal_tim.o
    0x08003964   0x08003964   0x00000002   Code   RO         3601    i.HAL_UARTEx_RxEventCallback  stm32f4xx_hal_uart.o
    0x08003966   0x08003966   0x00000070   Code   RO         3613    i.HAL_UART_DMAStop  stm32f4xx_hal_uart.o
    0x080039d6   0x080039d6   0x00000002   Code   RO         3615    i.HAL_UART_ErrorCallback  stm32f4xx_hal_uart.o
    0x080039d8   0x080039d8   0x00000268   Code   RO         3618    i.HAL_UART_IRQHandler  stm32f4xx_hal_uart.o
    0x08003c40   0x08003c40   0x00000062   Code   RO         3619    i.HAL_UART_Init     stm32f4xx_hal_uart.o
    0x08003ca2   0x08003ca2   0x00000002   PAD
    0x08003ca4   0x08003ca4   0x00000174   Code   RO          497    i.HAL_UART_MspInit  usart.o
    0x08003e18   0x08003e18   0x0000002a   Code   RO         3623    i.HAL_UART_Receive_DMA  stm32f4xx_hal_uart.o
    0x08003e42   0x08003e42   0x0000002a   Code   RO         3624    i.HAL_UART_Receive_IT  stm32f4xx_hal_uart.o
    0x08003e6c   0x08003e6c   0x00000058   Code   RO          498    i.HAL_UART_RxCpltCallback  usart.o
    0x08003ec4   0x08003ec4   0x00000002   Code   RO         3626    i.HAL_UART_RxHalfCpltCallback  stm32f4xx_hal_uart.o
    0x08003ec6   0x08003ec6   0x00000002   PAD
    0x08003ec8   0x08003ec8   0x000000b2   Code   RO         3627    i.HAL_UART_Transmit  stm32f4xx_hal_uart.o
    0x08003f7a   0x08003f7a   0x00000002   Code   RO         3630    i.HAL_UART_TxCpltCallback  stm32f4xx_hal_uart.o
    0x08003f7c   0x08003f7c   0x00000030   Code   RO           15    i.HCSR04_Detect     main.o
    0x08003fac   0x08003fac   0x0000002c   Code   RO          424    i.HCSR04_measure    tim.o
    0x08003fd8   0x08003fd8   0x00000002   Code   RO          632    i.HardFault_Handler  stm32f4xx_it.o
    0x08003fda   0x08003fda   0x00000002   PAD
    0x08003fdc   0x08003fdc   0x00000040   Code   RO         4865    i.IIC_Ack           myiic.o
    0x0800401c   0x0800401c   0x00000048   Code   RO         4866    i.IIC_Init          myiic.o
    0x08004064   0x08004064   0x00000040   Code   RO         4867    i.IIC_NAck          myiic.o
    0x080040a4   0x080040a4   0x00000068   Code   RO         4868    i.IIC_Read_Byte     myiic.o
    0x0800410c   0x0800410c   0x00000060   Code   RO         4869    i.IIC_Send_Byte     myiic.o
    0x0800416c   0x0800416c   0x00000040   Code   RO         4870    i.IIC_Start         myiic.o
    0x080041ac   0x080041ac   0x00000044   Code   RO         4871    i.IIC_Stop          myiic.o
    0x080041f0   0x080041f0   0x00000054   Code   RO         4872    i.IIC_Wait_Ack      myiic.o
    0x08004244   0x08004244   0x000001c4   Code   RO           16    i.MPU6050_Detect    main.o
    0x08004408   0x08004408   0x00000032   Code   RO         4233    i.MPU_Get_Accelerometer  mpu6050.o
    0x0800443a   0x0800443a   0x00000032   Code   RO         4234    i.MPU_Get_Gyroscope  mpu6050.o
    0x0800446c   0x0800446c   0x00000064   Code   RO         4235    i.MPU_Get_Temperature  mpu6050.o
    0x080044d0   0x080044d0   0x00000076   Code   RO         4236    i.MPU_Init          mpu6050.o
    0x08004546   0x08004546   0x0000003a   Code   RO         4237    i.MPU_Read_Byte     mpu6050.o
    0x08004580   0x08004580   0x0000006c   Code   RO         4238    i.MPU_Read_Len      mpu6050.o
    0x080045ec   0x080045ec   0x0000000a   Code   RO         4239    i.MPU_Set_Accel_Fsr  mpu6050.o
    0x080045f6   0x080045f6   0x0000000a   Code   RO         4240    i.MPU_Set_Gyro_Fsr  mpu6050.o
    0x08004600   0x08004600   0x00000030   Code   RO         4241    i.MPU_Set_LPF       mpu6050.o
    0x08004630   0x08004630   0x0000002e   Code   RO         4242    i.MPU_Set_Rate      mpu6050.o
    0x0800465e   0x0800465e   0x0000003c   Code   RO         4243    i.MPU_Write_Byte    mpu6050.o
    0x0800469a   0x0800469a   0x00000052   Code   RO         4244    i.MPU_Write_Len     mpu6050.o
    0x080046ec   0x080046ec   0x00000022   Code   RO         5003    i.MS583703BA_RESET  ms5837.o
    0x0800470e   0x0800470e   0x00000076   Code   RO         5004    i.MS583703BA_getConversion  ms5837.o
    0x08004784   0x08004784   0x000002e0   Code   RO         5005    i.MS5837_Getdata    ms5837.o
    0x08004a64   0x08004a64   0x00000040   Code   RO         4934    i.MS5837_IIC_Ack    ms5837iic.o
    0x08004aa4   0x08004aa4   0x0000004c   Code   RO         4935    i.MS5837_IIC_Init   ms5837iic.o
    0x08004af0   0x08004af0   0x00000040   Code   RO         4936    i.MS5837_IIC_NAck   ms5837iic.o
    0x08004b30   0x08004b30   0x00000068   Code   RO         4937    i.MS5837_IIC_Read_Byte  ms5837iic.o
    0x08004b98   0x08004b98   0x00000060   Code   RO         4938    i.MS5837_IIC_Send_Byte  ms5837iic.o
    0x08004bf8   0x08004bf8   0x00000040   Code   RO         4939    i.MS5837_IIC_Start  ms5837iic.o
    0x08004c38   0x08004c38   0x00000044   Code   RO         4940    i.MS5837_IIC_Stop   ms5837iic.o
    0x08004c7c   0x08004c7c   0x00000054   Code   RO         4941    i.MS5837_IIC_Wait_Ack  ms5837iic.o
    0x08004cd0   0x08004cd0   0x000000b4   Code   RO         5006    i.MS5837_init       ms5837.o
    0x08004d84   0x08004d84   0x000000c8   Code   RO          309    i.MX_ADC1_Init      adc.o
    0x08004e4c   0x08004e4c   0x0000005c   Code   RO          349    i.MX_DMA_Init       dma.o
    0x08004ea8   0x08004ea8   0x000000fc   Code   RO          283    i.MX_GPIO_Init      gpio.o
    0x08004fa4   0x08004fa4   0x00000040   Code   RO          375    i.MX_I2C1_Init      i2c.o
    0x08004fe4   0x08004fe4   0x00000040   Code   RO          376    i.MX_I2C2_Init      i2c.o
    0x08005024   0x08005024   0x00000048   Code   RO          425    i.MX_TIM6_Init      tim.o
    0x0800506c   0x0800506c   0x00000038   Code   RO          499    i.MX_USART1_UART_Init  usart.o
    0x080050a4   0x080050a4   0x00000038   Code   RO          500    i.MX_USART2_UART_Init  usart.o
    0x080050dc   0x080050dc   0x00000038   Code   RO          501    i.MX_USART3_UART_Init  usart.o
    0x08005114   0x08005114   0x00000002   Code   RO          633    i.MemManage_Handler  stm32f4xx_it.o
    0x08005116   0x08005116   0x00000002   PAD
    0x08005118   0x08005118   0x000007bc   Code   RO         4161    i.Mqtt_Senddata     ec20.o
    0x080058d4   0x080058d4   0x00000002   Code   RO          634    i.NMI_Handler       stm32f4xx_it.o
    0x080058d6   0x080058d6   0x00000002   PAD
    0x080058d8   0x080058d8   0x000000f4   Code   RO         4162    i.PARSE_GPRMC       ec20.o
    0x080059cc   0x080059cc   0x00000028   Code   RO           18    i.PH_check          main.o
    0x080059f4   0x080059f4   0x0000005c   Code   RO         4163    i.Parse_UTCTime     ec20.o
    0x08005a50   0x08005a50   0x00000148   Code   RO         4164    i.Parse_gps_data    ec20.o
    0x08005b98   0x08005b98   0x00000002   Code   RO          635    i.PendSV_Handler    stm32f4xx_it.o
    0x08005b9a   0x08005b9a   0x00000002   Code   RO          636    i.SVC_Handler       stm32f4xx_it.o
    0x08005b9c   0x08005b9c   0x00000028   Code   RO          426    i.Start             tim.o
    0x08005bc4   0x08005bc4   0x00000004   Code   RO          637    i.SysTick_Handler   stm32f4xx_it.o
    0x08005bc8   0x08005bc8   0x00000098   Code   RO           19    i.SystemClock_Config  main.o
    0x08005c60   0x08005c60   0x00000010   Code   RO         3948    i.SystemInit        system_stm32f4xx.o
    0x08005c70   0x08005c70   0x000000c8   Code   RO         2712    i.TIM_Base_SetConfig  stm32f4xx_hal_tim.o
    0x08005d38   0x08005d38   0x00000078   Code   RO           20    i.Temper_Detect     main.o
    0x08005db0   0x08005db0   0x00000010   Code   RO         3632    i.UART_DMAAbortOnError  stm32f4xx_hal_uart.o
    0x08005dc0   0x08005dc0   0x0000004a   Code   RO         3633    i.UART_DMAError     stm32f4xx_hal_uart.o
    0x08005e0a   0x08005e0a   0x00000082   Code   RO         3634    i.UART_DMAReceiveCplt  stm32f4xx_hal_uart.o
    0x08005e8c   0x08005e8c   0x0000001a   Code   RO         3636    i.UART_DMARxHalfCplt  stm32f4xx_hal_uart.o
    0x08005ea6   0x08005ea6   0x0000004e   Code   RO         3642    i.UART_EndRxTransfer  stm32f4xx_hal_uart.o
    0x08005ef4   0x08005ef4   0x0000001c   Code   RO         3643    i.UART_EndTxTransfer  stm32f4xx_hal_uart.o
    0x08005f10   0x08005f10   0x000000c0   Code   RO         3644    i.UART_Receive_IT   stm32f4xx_hal_uart.o
    0x08005fd0   0x08005fd0   0x0000010c   Code   RO         3645    i.UART_SetConfig    stm32f4xx_hal_uart.o
    0x080060dc   0x080060dc   0x00000094   Code   RO         3646    i.UART_Start_Receive_DMA  stm32f4xx_hal_uart.o
    0x08006170   0x08006170   0x0000003a   Code   RO         3647    i.UART_Start_Receive_IT  stm32f4xx_hal_uart.o
    0x080061aa   0x080061aa   0x00000078   Code   RO         3648    i.UART_WaitOnFlagUntilTimeout  stm32f4xx_hal_uart.o
    0x08006222   0x08006222   0x00000002   PAD
    0x08006224   0x08006224   0x00000018   Code   RO          638    i.USART2_IRQHandler  stm32f4xx_it.o
    0x0800623c   0x0800623c   0x00000018   Code   RO          639    i.USART3_IRQHandler  stm32f4xx_it.o
    0x08006254   0x08006254   0x00000030   Code   RO          502    i.USER_UART2_IRQHander  usart.o
    0x08006284   0x08006284   0x00000030   Code   RO          503    i.USER_UART3_IRQHander  usart.o
    0x080062b4   0x080062b4   0x00000038   Code   RO          504    i.USER_USART2_IDLECallback  usart.o
    0x080062ec   0x080062ec   0x00000038   Code   RO          505    i.USER_USART3_IDLECallback  usart.o
    0x08006324   0x08006324   0x00000002   Code   RO          640    i.UsageFault_Handler  stm32f4xx_it.o
    0x08006326   0x08006326   0x00000002   PAD
    0x08006328   0x08006328   0x00000020   Code   RO         6275    i.__0printf         mc_w.l(printfa.o)
    0x08006348   0x08006348   0x00000028   Code   RO         6277    i.__0sprintf        mc_w.l(printfa.o)
    0x08006370   0x08006370   0x00000034   Code   RO         6280    i.__0vsnprintf      mc_w.l(printfa.o)
    0x080063a4   0x080063a4   0x00000030   Code   RO         6393    i.__ARM_fpclassify  m_wm.l(fpclassify.o)
    0x080063d4   0x080063d4   0x00000020   Code   RO         1792    i.__NVIC_SetPriority  stm32f4xx_hal_cortex.o
    0x080063f4   0x080063f4   0x0000005c   Code   RO         6307    i.__free$realloc    mc_w.l(mallocr.o)
    0x08006450   0x08006450   0x00000360   Code   RO         5965    i.__hardfp_asin     m_wm.l(asin.o)
    0x080067b0   0x080067b0   0x000002d8   Code   RO         6365    i.__hardfp_atan     m_wm.l(atan.o)
    0x08006a88   0x08006a88   0x00000200   Code   RO         5979    i.__hardfp_atan2    m_wm.l(atan2.o)
    0x08006c88   0x08006c88   0x00000014   Code   RO         5991    i.__hardfp_fabs     m_wm.l(fabs.o)
    0x08006c9c   0x08006c9c   0x00000004   PAD
    0x08006ca0   0x08006ca0   0x00000118   Code   RO         5997    i.__hardfp_floor    m_wm.l(floor.o)
    0x08006db8   0x08006db8   0x000000f8   Code   RO         6395    i.__kernel_poly     m_wm.l(poly.o)
    0x08006eb0   0x08006eb0   0x00000050   Code   RO         6308    i.__malloc$realloc  mc_w.l(mallocr.o)
    0x08006f00   0x08006f00   0x00000014   Code   RO         6380    i.__mathlib_dbl_infnan  m_wm.l(dunder.o)
    0x08006f14   0x08006f14   0x00000014   Code   RO         6381    i.__mathlib_dbl_infnan2  m_wm.l(dunder.o)
    0x08006f28   0x08006f28   0x00000020   Code   RO         6382    i.__mathlib_dbl_invalid  m_wm.l(dunder.o)
    0x08006f48   0x08006f48   0x00000020   Code   RO         6385    i.__mathlib_dbl_underflow  m_wm.l(dunder.o)
    0x08006f68   0x08006f68   0x0000000e   Code   RO         6473    i.__scatterload_copy  mc_w.l(handlers.o)
    0x08006f76   0x08006f76   0x00000002   Code   RO         6474    i.__scatterload_null  mc_w.l(handlers.o)
    0x08006f78   0x08006f78   0x0000000e   Code   RO         6475    i.__scatterload_zeroinit  mc_w.l(handlers.o)
    0x08006f86   0x08006f86   0x00000002   PAD
    0x08006f88   0x08006f88   0x0000000c   Code   RO         6438    i.__set_errno       mc_w.l(errno.o)
    0x08006f94   0x08006f94   0x00000184   Code   RO         6282    i._fp_digits        mc_w.l(printfa.o)
    0x08007118   0x08007118   0x0000000e   Code   RO         6337    i._is_digit         mc_w.l(scanf_fp.o)
    0x08007126   0x08007126   0x00000002   PAD
    0x08007128   0x08007128   0x000006b4   Code   RO         6283    i._printf_core      mc_w.l(printfa.o)
    0x080077dc   0x080077dc   0x00000024   Code   RO         6284    i._printf_post_padding  mc_w.l(printfa.o)
    0x08007800   0x08007800   0x0000002e   Code   RO         6285    i._printf_pre_padding  mc_w.l(printfa.o)
    0x0800782e   0x0800782e   0x00000016   Code   RO         6286    i._snputc           mc_w.l(printfa.o)
    0x08007844   0x08007844   0x0000000a   Code   RO         6287    i._sputc            mc_w.l(printfa.o)
    0x0800784e   0x0800784e   0x00000002   PAD
    0x08007850   0x08007850   0x00000090   Code   RO         4325    i.accel_self_test   inv_mpu.o
    0x080078e0   0x080078e0   0x0000002a   Code   RO         5144    i.add_item_to_array  cjson.o
    0x0800790a   0x0800790a   0x0000005a   Code   RO         5145    i.add_item_to_object  cjson.o
    0x08007964   0x08007964   0x00000010   Code   RO         6367    i.atan              m_wm.l(atan.o)
    0x08007974   0x08007974   0x00000014   Code   RO         5153    i.cJSON_AddItemToObject  cjson.o
    0x08007988   0x08007988   0x00000078   Code   RO         5170    i.cJSON_CreateNumber  cjson.o
    0x08007a00   0x08007a00   0x00000018   Code   RO         5171    i.cJSON_CreateObject  cjson.o
    0x08007a18   0x08007a18   0x00000048   Code   RO         5178    i.cJSON_Delete      cjson.o
    0x08007a60   0x08007a60   0x00000006   Code   RO         5191    i.cJSON_GetObjectItem  cjson.o
    0x08007a66   0x08007a66   0x00000016   Code   RO         5208    i.cJSON_New_Item    cjson.o
    0x08007a7c   0x08007a7c   0x0000000c   Code   RO         5216    i.cJSON_PrintUnformatted  cjson.o
    0x08007a88   0x08007a88   0x0000006c   Code   RO         5221    i.cJSON_SetNumberHelper  cjson.o
    0x08007af4   0x08007af4   0x00000028   Code   RO         5226    i.cJSON_strdup      cjson.o
    0x08007b1c   0x08007b1c   0x00000018   Code   RO           21    i.check_seepage     main.o
    0x08007b34   0x08007b34   0x000000b8   Code   RO         5227    i.compare_double    cjson.o
    0x08007bec   0x08007bec   0x00000014   Code   RO         4036    i.delay_init        delay.o
    0x08007c00   0x08007c00   0x0000003c   Code   RO         4037    i.delay_ms          delay.o
    0x08007c3c   0x08007c3c   0x00000034   Code   RO         4038    i.delay_us          delay.o
    0x08007c70   0x08007c70   0x0000005c   Code   RO         3985    i.dht11_check       dht11.o
    0x08007ccc   0x08007ccc   0x00000044   Code   RO         3986    i.dht11_init        dht11.o
    0x08007d10   0x08007d10   0x0000005c   Code   RO         3987    i.dht11_read_bit    dht11.o
    0x08007d6c   0x08007d6c   0x00000066   Code   RO         3988    i.dht11_read_data   dht11.o
    0x08007dd2   0x08007dd2   0x00000002   PAD
    0x08007dd4   0x08007dd4   0x00000030   Code   RO         3989    i.dht11_reset       dht11.o
    0x08007e04   0x08007e04   0x0000003a   Code   RO         4680    i.dmp_enable_6x_lp_quat  inv_mpu_dmp_motion_driver.o
    0x08007e3e   0x08007e3e   0x00000002   PAD
    0x08007e40   0x08007e40   0x000001d8   Code   RO         4681    i.dmp_enable_feature  inv_mpu_dmp_motion_driver.o
    0x08008018   0x08008018   0x0000003c   Code   RO         4682    i.dmp_enable_gyro_cal  inv_mpu_dmp_motion_driver.o
    0x08008054   0x08008054   0x0000003a   Code   RO         4683    i.dmp_enable_lp_quat  inv_mpu_dmp_motion_driver.o
    0x0800808e   0x0800808e   0x00000002   PAD
    0x08008090   0x08008090   0x00000014   Code   RO         4688    i.dmp_load_motion_driver_firmware  inv_mpu_dmp_motion_driver.o
    0x080080a4   0x080080a4   0x00000168   Code   RO         4689    i.dmp_read_fifo     inv_mpu_dmp_motion_driver.o
    0x0800820c   0x0800820c   0x000000d8   Code   RO         4692    i.dmp_set_accel_bias  inv_mpu_dmp_motion_driver.o
    0x080082e4   0x080082e4   0x00000064   Code   RO         4693    i.dmp_set_fifo_rate  inv_mpu_dmp_motion_driver.o
    0x08008348   0x08008348   0x000000cc   Code   RO         4694    i.dmp_set_gyro_bias  inv_mpu_dmp_motion_driver.o
    0x08008414   0x08008414   0x0000010c   Code   RO         4696    i.dmp_set_orientation  inv_mpu_dmp_motion_driver.o
    0x08008520   0x08008520   0x00000030   Code   RO         4699    i.dmp_set_shake_reject_thresh  inv_mpu_dmp_motion_driver.o
    0x08008550   0x08008550   0x00000020   Code   RO         4700    i.dmp_set_shake_reject_time  inv_mpu_dmp_motion_driver.o
    0x08008570   0x08008570   0x00000020   Code   RO         4701    i.dmp_set_shake_reject_timeout  inv_mpu_dmp_motion_driver.o
    0x08008590   0x08008590   0x00000040   Code   RO         4702    i.dmp_set_tap_axes  inv_mpu_dmp_motion_driver.o
    0x080085d0   0x080085d0   0x00000022   Code   RO         4703    i.dmp_set_tap_count  inv_mpu_dmp_motion_driver.o
    0x080085f2   0x080085f2   0x00000002   PAD
    0x080085f4   0x080085f4   0x00000160   Code   RO         4704    i.dmp_set_tap_thresh  inv_mpu_dmp_motion_driver.o
    0x08008754   0x08008754   0x00000020   Code   RO         4705    i.dmp_set_tap_time  inv_mpu_dmp_motion_driver.o
    0x08008774   0x08008774   0x00000020   Code   RO         4706    i.dmp_set_tap_time_multi  inv_mpu_dmp_motion_driver.o
    0x08008794   0x08008794   0x0000008a   Code   RO         5229    i.ensure            cjson.o
    0x0800881e   0x0800881e   0x00000018   Code   RO         5993    i.fabs              m_wm.l(fabs.o)
    0x08008836   0x08008836   0x00000010   Code   RO          427    i.for_delay_us      tim.o
    0x08008846   0x08008846   0x00000002   PAD
    0x08008848   0x08008848   0x00000018   Code   RO          509    i.fputc             usart.o
    0x08008860   0x08008860   0x000000b4   Code   RO         4326    i.get_accel_prod_shift  inv_mpu.o
    0x08008914   0x08008914   0x0000007a   Code   RO         5231    i.get_object_item   cjson.o
    0x0800898e   0x0800898e   0x00000002   PAD
    0x08008990   0x08008990   0x00000314   Code   RO         4327    i.get_st_biases     inv_mpu.o
    0x08008ca4   0x08008ca4   0x00000024   Code   RO          428    i.get_stop          tim.o
    0x08008cc8   0x08008cc8   0x000000d4   Code   RO         4328    i.gyro_self_test    inv_mpu.o
    0x08008d9c   0x08008d9c   0x00000050   Code   RO         6309    i.internal_alloc    mc_w.l(mallocr.o)
    0x08008dec   0x08008dec   0x00000022   Code   RO         4329    i.inv_orientation_matrix_to_scalar  inv_mpu.o
    0x08008e0e   0x08008e0e   0x00000048   Code   RO         4330    i.inv_row_2_scale   inv_mpu.o
    0x08008e56   0x08008e56   0x00000002   PAD
    0x08008e58   0x08008e58   0x00000174   Code   RO           22    i.main              main.o
    0x08008fcc   0x08008fcc   0x00000002   Code   RO         4331    i.mget_ms           inv_mpu.o
    0x08008fce   0x08008fce   0x00000002   PAD
    0x08008fd0   0x08008fd0   0x00000054   Code   RO         4332    i.mpu_configure_fifo  inv_mpu.o
    0x08009024   0x08009024   0x00000164   Code   RO         4333    i.mpu_dmp_get_data  inv_mpu.o
    0x08009188   0x08009188   0x000000a4   Code   RO         4334    i.mpu_dmp_init      inv_mpu.o
    0x0800922c   0x0800922c   0x0000003c   Code   RO         4335    i.mpu_get_accel_fsr  inv_mpu.o
    0x08009268   0x08009268   0x00000044   Code   RO         4337    i.mpu_get_accel_sens  inv_mpu.o
    0x080092ac   0x080092ac   0x00000034   Code   RO         4343    i.mpu_get_gyro_fsr  inv_mpu.o
    0x080092e0   0x080092e0   0x0000004c   Code   RO         4345    i.mpu_get_gyro_sens  inv_mpu.o
    0x0800932c   0x0800932c   0x00000038   Code   RO         4347    i.mpu_get_lpf       inv_mpu.o
    0x08009364   0x08009364   0x0000001c   Code   RO         4349    i.mpu_get_sample_rate  inv_mpu.o
    0x08009380   0x08009380   0x00000188   Code   RO         4351    i.mpu_init          inv_mpu.o
    0x08009508   0x08009508   0x000000a0   Code   RO         4352    i.mpu_load_firmware  inv_mpu.o
    0x080095a8   0x080095a8   0x000000b8   Code   RO         4353    i.mpu_lp_accel_mode  inv_mpu.o
    0x08009660   0x08009660   0x00000090   Code   RO         4356    i.mpu_read_fifo_stream  inv_mpu.o
    0x080096f0   0x080096f0   0x00000054   Code   RO         4357    i.mpu_read_mem      inv_mpu.o
    0x08009744   0x08009744   0x00000160   Code   RO         4360    i.mpu_reset_fifo    inv_mpu.o
    0x080098a4   0x080098a4   0x000000f0   Code   RO         4361    i.mpu_run_self_test  inv_mpu.o
    0x08009994   0x08009994   0x00000068   Code   RO         4363    i.mpu_set_accel_fsr  inv_mpu.o
    0x080099fc   0x080099fc   0x000000dc   Code   RO         4364    i.mpu_set_bypass    inv_mpu.o
    0x08009ad8   0x08009ad8   0x00000078   Code   RO         4366    i.mpu_set_dmp_state  inv_mpu.o
    0x08009b50   0x08009b50   0x0000006c   Code   RO         4367    i.mpu_set_gyro_fsr  inv_mpu.o
    0x08009bbc   0x08009bbc   0x00000064   Code   RO         4368    i.mpu_set_int_latched  inv_mpu.o
    0x08009c20   0x08009c20   0x0000006c   Code   RO         4370    i.mpu_set_lpf       inv_mpu.o
    0x08009c8c   0x08009c8c   0x00000080   Code   RO         4371    i.mpu_set_sample_rate  inv_mpu.o
    0x08009d0c   0x08009d0c   0x000000b8   Code   RO         4372    i.mpu_set_sensors   inv_mpu.o
    0x08009dc4   0x08009dc4   0x00000054   Code   RO         4373    i.mpu_write_mem     inv_mpu.o
    0x08009e18   0x08009e18   0x00000098   Code   RO         5239    i.print             cjson.o
    0x08009eb0   0x08009eb0   0x00000096   Code   RO         5240    i.print_array       cjson.o
    0x08009f46   0x08009f46   0x00000002   PAD
    0x08009f48   0x08009f48   0x00000130   Code   RO         5241    i.print_number      cjson.o
    0x0800a078   0x0800a078   0x00000140   Code   RO         5242    i.print_object      cjson.o
    0x0800a1b8   0x0800a1b8   0x00000110   Code   RO         5243    i.print_string_ptr  cjson.o
    0x0800a2c8   0x0800a2c8   0x000000d0   Code   RO         5244    i.print_value       cjson.o
    0x0800a398   0x0800a398   0x00000048   Code   RO          510    i.printf1           usart.o
    0x0800a3e0   0x0800a3e0   0x0000006c   Code   RO         6310    i.realloc           mc_w.l(mallocr.o)
    0x0800a44c   0x0800a44c   0x00000088   Code   RO         4374    i.run_self_test     inv_mpu.o
    0x0800a4d4   0x0800a4d4   0x00000058   Code   RO         4375    i.set_int_enable    inv_mpu.o
    0x0800a52c   0x0800a52c   0x0000006e   Code   RO         6400    i.sqrt              m_wm.l(sqrt.o)
    0x0800a59a   0x0800a59a   0x00000002   PAD
    0x0800a59c   0x0800a59c   0x00000014   Code   RO          429    i.start             tim.o
    0x0800a5b0   0x0800a5b0   0x00000014   Code   RO           23    i.tds_check         main.o
    0x0800a5c4   0x0800a5c4   0x00000018   Code   RO           24    i.turbidity_check   main.o
    0x0800a5dc   0x0800a5dc   0x0000001c   Code   RO         5246    i.update_offset     cjson.o
    0x0800a5f8   0x0800a5f8   0x00000008   Data   RO         1509    .constdata          stm32f4xx_hal_dma.o
    0x0800a600   0x0800a600   0x00000010   Data   RO         3949    .constdata          system_stm32f4xx.o
    0x0800a610   0x0800a610   0x00000008   Data   RO         3950    .constdata          system_stm32f4xx.o
    0x0800a618   0x0800a618   0x0000001b   Data   RO         4377    .constdata          inv_mpu.o
    0x0800a633   0x0800a633   0x00000001   PAD
    0x0800a634   0x0800a634   0x0000000c   Data   RO         4378    .constdata          inv_mpu.o
    0x0800a640   0x0800a640   0x00000028   Data   RO         4379    .constdata          inv_mpu.o
    0x0800a668   0x0800a668   0x00000bf6   Data   RO         4708    .constdata          inv_mpu_dmp_motion_driver.o
    0x0800b25e   0x0800b25e   0x00000002   PAD
    0x0800b260   0x0800b260   0x00000050   Data   RO         5968    .constdata          m_wm.l(asin.o)
    0x0800b2b0   0x0800b2b0   0x00000098   Data   RO         6368    .constdata          m_wm.l(atan.o)
    0x0800b348   0x0800b348   0x00000008   Data   RO         6397    .constdata          m_wm.l(qnan.o)
    0x0800b350   0x0800b350   0x00000040   Data   RO         6469    .constdata          mc_w.l(ctype_c.o)
    0x0800b390   0x0800b390   0x0000004d   Data   RO         4380    .conststring        inv_mpu.o
    0x0800b3dd   0x0800b3dd   0x00000003   PAD
    0x0800b3e0   0x0800b3e0   0x00000020   Data   RO         6471    Region$$Table       anon$$obj.o


    Execution Region RW_IRAM1 (Exec base: 0x20000000, Load base: 0x0800b400, Size: 0x000018b0, Max: 0x0001c000, ABSOLUTE)

    Exec Addr    Load Addr    Size         Type   Attr      Idx    E Section Name        Object

    0x20000000   0x0800b400   0x00000008   Data   RW           27    .data               main.o
    0x20000008   0x0800b408   0x00000004   Data   RW          431    .data               tim.o
    0x2000000c   0x0800b40c   0x0000000a   Data   RW          514    .data               usart.o
    0x20000016   0x0800b416   0x00000002   PAD
    0x20000018   0x0800b418   0x00000004   Data   RW          515    .data               usart.o
    0x2000001c   0x0800b41c   0x0000000c   Data   RW         1936    .data               stm32f4xx_hal.o
    0x20000028   0x0800b428   0x00000004   Data   RW         3951    .data               system_stm32f4xx.o
    0x2000002c   0x0800b42c   0x00000004   Data   RW         4039    .data               delay.o
    0x20000030   0x0800b430   0x00000048   Data   RW         4166    .data               ec20.o
    0x20000078   0x0800b478   0x00000035   Data   RW         4381    .data               inv_mpu.o
    0x200000ad   0x0800b4ad   0x00000003   PAD
    0x200000b0   0x0800b4b0   0x00000040   Data   RW         5008    .data               ms5837.o
    0x200000f0   0x0800b4f0   0x00000014   Data   RW         5249    .data               cjson.o
    0x20000104   0x0800b504   0x00000004   Data   RW         6434    .data               mc_w.l(mvars.o)
    0x20000108   0x0800b508   0x00000004   Data   RW         6435    .data               mc_w.l(mvars.o)
    0x2000010c   0x0800b50c   0x00000004   Data   RW         6439    .data               mc_w.l(errno.o)
    0x20000110        -       0x00000018   Zero   RW           26    .bss                main.o
    0x20000128        -       0x000000a8   Zero   RW          310    .bss                adc.o
    0x200001d0        -       0x000000a8   Zero   RW          377    .bss                i2c.o
    0x20000278        -       0x00000048   Zero   RW          430    .bss                tim.o
    0x200002c0        -       0x00000574   Zero   RW          511    .bss                usart.o
    0x20000834   0x0800b510   0x00000004   PAD
    0x20000838        -       0x00000048   Zero   RW         4165    .bss                ec20.o
    0x20000880        -       0x00000010   Zero   RW         4707    .bss                inv_mpu_dmp_motion_driver.o
    0x20000890        -       0x0000001c   Zero   RW         5007    .bss                ms5837.o
    0x200008ac   0x0800b510   0x00000004   PAD
    0x200008b0        -       0x00000c00   Zero   RW            2    HEAP                startup_stm32f407xx.o
    0x200014b0        -       0x00000400   Zero   RW            1    STACK               startup_stm32f407xx.o


    Execution Region RW_IRAM2 (Exec base: 0x2001c000, Load base: 0x0800b510, Size: 0x00000000, Max: 0x00004000, ABSOLUTE)

    **** No section assigned to this execution region ****


==============================================================================

Image component sizes


      Code (inc. data)   RO Data    RW Data    ZI Data      Debug   Object Name

       352         32          0          0        168       1927   adc.o
      2434        154          0         20          0      27287   cjson.o
       138         14          0          4          0       2583   delay.o
       402         22          0          0          0       3670   dht11.o
        92          4          0          0          0        858   dma.o
       570         54          0          0          0       5342   ds18b20.o
      5304       1786          0         72         72      10441   ec20.o
       252         18          0          0          0       1107   gpio.o
       292         48          0          0        168       2490   i2c.o
      5312        304        156         53          0      32390   inv_mpu.o
      2442        134       3062          0         16      20766   inv_mpu_dmp_motion_driver.o
      1936        662          0          8         24     723639   main.o
       740         22          0          0          0       8519   mpu6050.o
      1068         82          0         64         28       3834   ms5837.o
       620         74          0          0          0       5314   ms5837iic.o
       616         74          0          0          0       4994   myiic.o
        36          8        392          0       4096        852   startup_stm32f407xx.o
       144         24          0         12          0       8885   stm32f4xx_hal.o
      1200         66          0          0          0       7625   stm32f4xx_hal_adc.o
       222         14          0          0          0      34693   stm32f4xx_hal_cortex.o
      1084         16          8          0          0       7490   stm32f4xx_hal_dma.o
       516         46          0          0          0       2915   stm32f4xx_hal_gpio.o
       392         16          0          0          0       3151   stm32f4xx_hal_i2c.o
        52          4          0          0          0        898   stm32f4xx_hal_msp.o
      1344         72          0          0          0       5336   stm32f4xx_hal_rcc.o
       466         72          0          0          0       4322   stm32f4xx_hal_tim.o
       144         28          0          0          0       1376   stm32f4xx_hal_tim_ex.o
      2234         30          0          0          0      17269   stm32f4xx_hal_uart.o
       104         30          0          0          0       6848   stm32f4xx_it.o
        16          4         24          4          0       1175   system_stm32f4xx.o
       280         48          0          4         72       4755   tim.o
       932        126          0         14       1396      10334   usart.o

    ----------------------------------------------------------------------
     31784       4088       3680        260       6048     973085   Object Totals
         0          0         32          0          0          0   (incl. Generated)
        48          0          6          5          8          0   (incl. Padding)

    ----------------------------------------------------------------------

      Code (inc. data)   RO Data    RW Data    ZI Data      Debug   Library Member Name

       864         94         80          0          0        280   asin.o
       744        106        152          0          0        352   atan.o
       512         64          0          0          0        208   atan2.o
       104         16          0          0          0        496   dunder.o
        44          0          0          0          0        248   fabs.o
       280         28          0          0          0        156   floor.o
        48          0          0          0          0        124   fpclassify.o
       248          0          0          0          0        152   poly.o
         0          0          8          0          0          0   qnan.o
       110          0          0          0          0        148   sqrt.o
        56          8          0          0          0         84   __0sscanf.o
        28          0          0          0          0         68   _chval.o
       816          6          0          0          0        112   _scanf.o
       332          0          0          0          0         96   _scanf_int.o
        64          0          0          0          0         84   _sgetc.o
        40          6         64          0          0         68   ctype_c.o
         0          0          0          0          0          0   entry.o
         0          0          0          0          0          0   entry10a.o
         0          0          0          0          0          0   entry11a.o
         4          0          0          0          0          0   entry12b.o
         8          4          0          0          0          0   entry2.o
         4          0          0          0          0          0   entry5.o
         0          0          0          0          0          0   entry7b.o
         0          0          0          0          0          0   entry8b.o
         8          4          0          0          0          0   entry9a.o
        12          6          0          4          0         68   errno.o
        30          0          0          0          0          0   handlers.o
        36          8          0          0          0         68   init.o
        10          0          0          0          0         68   isspace_c.o
         0          0          0          0          0          0   iusefp.o
        98          0          0          0          0         84   ldiv.o
        30          0          0          0          0         68   llshl.o
        36          0          0          0          0         68   llsshr.o
        32          0          0          0          0         68   llushr.o
       360         30          0          0          0        356   mallocr.o
        26          0          0          0          0         80   memcmp.o
        36          0          0          0          0         68   memcpya.o
        36          0          0          0          0        108   memseta.o
         0          0          0          8          0          0   mvars.o
      2342        102          0          0          0        764   printfa.o
        40          8          0          0          0         84   scanf_char.o
       878         12          0          0          0        216   scanf_fp.o
        20          0          0          0          0         68   strchr.o
        28          0          0          0          0         76   strcmp.o
        18          0          0          0          0         68   strcpy.o
        14          0          0          0          0         68   strlen.o
        36          0          0          0          0         80   strstr.o
        12          0          0          0          0         68   tolower.o
        44          0          0          0          0         80   uidiv.o
        98          0          0          0          0         92   uldiv.o
        48          0          0          0          0         68   cdcmple.o
        48          0          0          0          0         68   cdrcmple.o
        56          0          0          0          0         88   d2f.o
       334          0          0          0          0        148   dadd.o
       222          0          0          0          0        100   ddiv.o
       186          0          0          0          0        176   depilogue.o
        62          0          0          0          0         80   dfixi.o
        50          0          0          0          0         76   dfixui.o
        48          0          0          0          0         68   dfixul.o
        34          0          0          0          0         76   dflti.o
        26          0          0          0          0         76   dfltui.o
        24          0          0          0          0         76   dfltul.o
       228          0          0          0          0         96   dmul.o
       162          0          0          0          0        100   dsqrt.o
        38          0          0          0          0         68   f2d.o
       110          0          0          0          0        168   fepilogue.o
        28          0          0          0          0         84   ffltul.o

    ----------------------------------------------------------------------
     10312        502        304         12          0       7060   Library Totals
        22          0          0          0          0          0   (incl. Padding)

    ----------------------------------------------------------------------

      Code (inc. data)   RO Data    RW Data    ZI Data      Debug   Library Name

      2954        308        240          0          0       2164   m_wm.l
      5632        194         64         12          0       3280   mc_w.l
      1704          0          0          0          0       1616   mf_w.l

    ----------------------------------------------------------------------
     10312        502        304         12          0       7060   Library Totals

    ----------------------------------------------------------------------

==============================================================================


      Code (inc. data)   RO Data    RW Data    ZI Data      Debug   

     42096       4590       3984        272       6048     952641   Grand Totals
     42096       4590       3984        272       6048     952641   ELF Image Totals
     42096       4590       3984        272          0          0   ROM Totals

==============================================================================

    Total RO  Size (Code + RO Data)                46080 (  45.00kB)
    Total RW  Size (RW Data + ZI Data)              6320 (   6.17kB)
    Total ROM Size (Code + RO Data + RW Data)      46352 (  45.27kB)

==============================================================================

